Archive member included to satisfy reference by file (symbol)

c:/nxp/mcuxpressoide_11.2.0_4120/ide/plugins/com.nxp.mcuxpresso.tools.win32_11.2.0.202001021529/tools/bin/../lib/gcc/arm-none-eabi/9.2.1/../../../../arm-none-eabi/lib/thumb/v6-m/nofp\libcr_nohost_nf.a(__ciob.o)
                              ./source/UART.o (__Ciob)
c:/nxp/mcuxpressoide_11.2.0_4120/ide/plugins/com.nxp.mcuxpresso.tools.win32_11.2.0.202001021529/tools/bin/../lib/gcc/arm-none-eabi/9.2.1/../../../../arm-none-eabi/lib/thumb/v6-m/nofp\libcr_nohost_nf.a(_cr__main.o)
                              ./startup/startup_mkl25z4.o (__main)
c:/nxp/mcuxpressoide_11.2.0_4120/ide/plugins/com.nxp.mcuxpresso.tools.win32_11.2.0.202001021529/tools/bin/../lib/gcc/arm-none-eabi/9.2.1/../../../../arm-none-eabi/lib/thumb/v6-m/nofp\libcr_c.a(memcpy.o)
                              ./source/cbfifo.o (memcpy)
c:/nxp/mcuxpressoide_11.2.0_4120/ide/plugins/com.nxp.mcuxpresso.tools.win32_11.2.0.202001021529/tools/bin/../lib/gcc/arm-none-eabi/9.2.1/../../../../arm-none-eabi/lib/thumb/v6-m/nofp\libcr_c.a(memset.o)
                              ./source/cbfifo.o (memset)
c:/nxp/mcuxpressoide_11.2.0_4120/ide/plugins/com.nxp.mcuxpresso.tools.win32_11.2.0.202001021529/tools/bin/../lib/gcc/arm-none-eabi/9.2.1/../../../../arm-none-eabi/lib/thumb/v6-m/nofp\libcr_c.a(_deferredlazyseek.o)
                              ./source/UART.o (__flsbuf)
c:/nxp/mcuxpressoide_11.2.0_4120/ide/plugins/com.nxp.mcuxpresso.tools.win32_11.2.0.202001021529/tools/bin/../lib/gcc/arm-none-eabi/9.2.1/../../../../arm-none-eabi/lib/thumb/v6-m/nofp\libcr_c.a(_fflush.o)
                              c:/nxp/mcuxpressoide_11.2.0_4120/ide/plugins/com.nxp.mcuxpresso.tools.win32_11.2.0.202001021529/tools/bin/../lib/gcc/arm-none-eabi/9.2.1/../../../../arm-none-eabi/lib/thumb/v6-m/nofp\libcr_c.a(_deferredlazyseek.o) (_fflush)
c:/nxp/mcuxpressoide_11.2.0_4120/ide/plugins/com.nxp.mcuxpresso.tools.win32_11.2.0.202001021529/tools/bin/../lib/gcc/arm-none-eabi/9.2.1/../../../../arm-none-eabi/lib/thumb/v6-m/nofp\libcr_c.a(_writebuf.o)
                              c:/nxp/mcuxpressoide_11.2.0_4120/ide/plugins/com.nxp.mcuxpresso.tools.win32_11.2.0.202001021529/tools/bin/../lib/gcc/arm-none-eabi/9.2.1/../../../../arm-none-eabi/lib/thumb/v6-m/nofp\libcr_c.a(_deferredlazyseek.o) (_Cwritebuf)
c:/nxp/mcuxpressoide_11.2.0_4120/ide/plugins/com.nxp.mcuxpresso.tools.win32_11.2.0.202001021529/tools/bin/../lib/gcc/arm-none-eabi/9.2.1/../../../../arm-none-eabi/lib/thumb/v6-m/nofp\libcr_c.a(alloc.o)
                              c:/nxp/mcuxpressoide_11.2.0_4120/ide/plugins/com.nxp.mcuxpresso.tools.win32_11.2.0.202001021529/tools/bin/../lib/gcc/arm-none-eabi/9.2.1/../../../../arm-none-eabi/lib/thumb/v6-m/nofp\libcr_c.a(_deferredlazyseek.o) (_Csys_alloc)
c:/nxp/mcuxpressoide_11.2.0_4120/ide/plugins/com.nxp.mcuxpresso.tools.win32_11.2.0.202001021529/tools/bin/../lib/gcc/arm-none-eabi/9.2.1/../../../../arm-none-eabi/lib/thumb/v6-m/nofp\libcr_c.a(atan2.o)
                              ./source/mma8451.o (atan2)
c:/nxp/mcuxpressoide_11.2.0_4120/ide/plugins/com.nxp.mcuxpresso.tools.win32_11.2.0.202001021529/tools/bin/../lib/gcc/arm-none-eabi/9.2.1/../../../../arm-none-eabi/lib/thumb/v6-m/nofp\libcr_c.a(ctype.o)
                              ./source/cli.o (__ctype)
c:/nxp/mcuxpressoide_11.2.0_4120/ide/plugins/com.nxp.mcuxpresso.tools.win32_11.2.0.202001021529/tools/bin/../lib/gcc/arm-none-eabi/9.2.1/../../../../arm-none-eabi/lib/thumb/v6-m/nofp\libcr_c.a(errno.o)
                              c:/nxp/mcuxpressoide_11.2.0_4120/ide/plugins/com.nxp.mcuxpresso.tools.win32_11.2.0.202001021529/tools/bin/../lib/gcc/arm-none-eabi/9.2.1/../../../../arm-none-eabi/lib/thumb/v6-m/nofp\libcr_c.a(atan2.o) (errno)
c:/nxp/mcuxpressoide_11.2.0_4120/ide/plugins/com.nxp.mcuxpresso.tools.win32_11.2.0.202001021529/tools/bin/../lib/gcc/arm-none-eabi/9.2.1/../../../../arm-none-eabi/lib/thumb/v6-m/nofp\libcr_c.a(fabs.o)
                              ./source/cli.o (fabs)
c:/nxp/mcuxpressoide_11.2.0_4120/ide/plugins/com.nxp.mcuxpresso.tools.win32_11.2.0.202001021529/tools/bin/../lib/gcc/arm-none-eabi/9.2.1/../../../../arm-none-eabi/lib/thumb/v6-m/nofp\libcr_c.a(fseek.o)
                              c:/nxp/mcuxpressoide_11.2.0_4120/ide/plugins/com.nxp.mcuxpresso.tools.win32_11.2.0.202001021529/tools/bin/../lib/gcc/arm-none-eabi/9.2.1/../../../../arm-none-eabi/lib/thumb/v6-m/nofp\libcr_c.a(_deferredlazyseek.o) (fseek)
c:/nxp/mcuxpressoide_11.2.0_4120/ide/plugins/com.nxp.mcuxpresso.tools.win32_11.2.0.202001021529/tools/bin/../lib/gcc/arm-none-eabi/9.2.1/../../../../arm-none-eabi/lib/thumb/v6-m/nofp\libcr_c.a(ftell.o)
                              c:/nxp/mcuxpressoide_11.2.0_4120/ide/plugins/com.nxp.mcuxpresso.tools.win32_11.2.0.202001021529/tools/bin/../lib/gcc/arm-none-eabi/9.2.1/../../../../arm-none-eabi/lib/thumb/v6-m/nofp\libcr_c.a(fseek.o) (ftell)
[...]
Memory Configuration

Name             Origin             Length             Attributes
PROGRAM_FLASH    0x00000000         0x00020000         xr
SRAM             0x1ffff000         0x00004000         xrw
*default*        0x00000000         0xffffffff

Linker script and memory map

LOAD ./utilities/fsl_debug_console.o
LOAD ./startup/startup_mkl25z4.o
LOAD ./source/LEDs.o
LOAD ./source/UART.o
LOAD ./source/cbfifo.o
LOAD ./source/cli.o
LOAD ./source/extra_switch.o
LOAD ./source/freertos_hello.o
LOAD ./source/i2c.o
LOAD ./source/mma8451.o
LOAD ./source/mtb.o
LOAD ./source/semihost_hardfault.o
LOAD ./source/sysclock.o
LOAD ./source/test_cbfifo.o
LOAD ./source/touch.o
LOAD ./freertos/croutine.o
LOAD ./freertos/event_groups.o
LOAD ./freertos/fsl_tickless_lptmr.o
LOAD ./freertos/fsl_tickless_systick.o
LOAD ./freertos/heap_4.o
LOAD ./freertos/list.o
LOAD ./freertos/port.o
LOAD ./freertos/queue.o
LOAD ./freertos/tasks.o
LOAD ./freertos/timers.o
LOAD ./drivers/fsl_clock.o
LOAD ./drivers/fsl_common.o
LOAD ./drivers/fsl_flash.o
LOAD ./drivers/fsl_gpio.o
LOAD ./drivers/fsl_lpsci.o
LOAD ./drivers/fsl_lpsci_freertos.o
LOAD ./drivers/fsl_smc.o
LOAD ./drivers/fsl_uart.o
LOAD ./drivers/fsl_uart_freertos.o
LOAD ./board/board.o
LOAD ./board/clock_config.o
LOAD ./board/pin_mux.o
LOAD ./CMSIS/system_MKL25Z4.o
START GROUP
LOAD c:/nxp/mcuxpressoide_11.2.0_4120/ide/plugins/com.nxp.mcuxpresso.tools.win32_11.2.0.202001021529/tools/bin/../lib/gcc/arm-none-eabi/9.2.1/../../../../arm-none-eabi/lib/thumb/v6-m/nofp\libcr_nohost_nf.a
LOAD c:/nxp/mcuxpressoide_11.2.0_4120/ide/plugins/com.nxp.mcuxpresso.tools.win32_11.2.0.202001021529/tools/bin/../lib/gcc/arm-none-eabi/9.2.1/../../../../arm-none-eabi/lib/thumb/v6-m/nofp\libcr_c.a
LOAD c:/nxp/mcuxpressoide_11.2.0_4120/ide/plugins/com.nxp.mcuxpresso.tools.win32_11.2.0.202001021529/tools/bin/../lib/gcc/arm-none-eabi/9.2.1/thumb/v6-m/nofp\libcr_eabihelpers.a
LOAD c:/nxp/mcuxpressoide_11.2.0_4120/ide/plugins/com.nxp.mcuxpresso.tools.win32_11.2.0.202001021529/tools/bin/../lib/gcc/arm-none-eabi/9.2.1/thumb/v6-m/nofp\libgcc.a
END GROUP
                0x00000000                __base_PROGRAM_FLASH = 0x0
                0x00000000                __base_Flash = 0x0
                0x00020000                __top_PROGRAM_FLASH = 0x20000
                0x00020000                __top_Flash = 0x20000
                0x1ffff000                __base_SRAM = 0x1ffff000
                0x1ffff000                __base_RAM = 0x1ffff000
                0x20003000                __top_SRAM = 0x20003000
                0x20003000                __top_RAM = 0x20003000

.text           0x00000000     0xc49c
 FILL mask 0xff
                0x00000000                __vectors_start__ = ABSOLUTE (.)
 *(SORT_BY_ALIGNMENT(.isr_vector))
 .isr_vector    0x00000000       0xc0 ./startup/startup_mkl25z4.o
                0x00000000                g_pfnVectors
                0x00000000                __Vectors
                0x000000c0                . = ALIGN (0x4)
                0x000000c0                __section_table_start = .
                0x000000c0                __data_section_table = .
                0x000000c0        0x4 LONG 0xc49c LOADADDR (.data)
                0x000000c4        0x4 LONG 0x1ffff080 ADDR (.data)
                0x000000c8        0x4 LONG 0x14 SIZEOF (.data)
                0x000000cc                __data_section_table_end = .
                0x000000cc                __bss_section_table = .
                0x000000cc        0x4 LONG 0x1ffff094 ADDR (.bss)
                0x000000d0        0x4 LONG 0x2dbc SIZEOF (.bss)
                0x000000d4                __bss_section_table_end = .
                0x000000d4                __section_table_end = .
 *(SORT_BY_ALIGNMENT(.after_vectors*))
 .after_vectors.reset
                0x000000d4       0x4c ./startup/startup_mkl25z4.o
                0x000000d4                ResetISR
 .after_vectors.init_data
                0x00000120       0x12 ./startup/startup_mkl25z4.o
                0x00000120                data_init
 .after_vectors.init_bss
                0x00000132       0x10 ./startup/startup_mkl25z4.o
                0x00000132                bss_init
 .after_vectors
                0x00000142      0x10c ./startup/startup_mkl25z4.o
                0x00000142                NMI_Handler
                0x0000014c                I2C0_DriverIRQHandler
                0x0000014c                DMA0_DriverIRQHandler
                0x0000014c                SPI1_DriverIRQHandler
                0x0000014c                LPTMR0_DriverIRQHandler
                0x0000014c                Reserved39_DriverIRQHandler
                0x0000014c                PIT_DriverIRQHandler
                0x0000014c                PORTD_DriverIRQHandler
                0x0000014c                DMA2_DriverIRQHandler
                0x0000014c                CMP0_DriverIRQHandler
                0x0000014c                TPM2_DriverIRQHandler
                0x0000014c                ADC0_DriverIRQHandler
                0x0000014c                SPI0_DriverIRQHandler
                0x0000014c                TSI0_DriverIRQHandler
                0x0000014c                RTC_Seconds_DriverIRQHandler
                0x0000014c                LLWU_DriverIRQHandler
                0x0000014c                MCG_DriverIRQHandler
                0x0000014c                I2C1_DriverIRQHandler
                0x0000014c                Reserved45_DriverIRQHandler
                0x0000014c                DMA1_DriverIRQHandler
                0x0000014c                FTFA_DriverIRQHandler
                0x0000014c                IntDefaultHandler
                0x0000014c                USB0_DriverIRQHandler
                0x0000014c                DAC0_DriverIRQHandler
                0x0000014c                LVD_LVW_DriverIRQHandler
                0x0000014c                TPM0_DriverIRQHandler
                0x0000014c                RTC_DriverIRQHandler
                0x0000014c                TPM1_DriverIRQHandler
                0x0000014c                Reserved20_DriverIRQHandler
                0x0000014c                DMA3_DriverIRQHandler
                0x0000014c                PORTA_DriverIRQHandler
                0x0000014e                DMA0_IRQHandler
                0x00000156                DMA1_IRQHandler
                0x0000015e                DMA2_IRQHandler
                0x00000166                DMA3_IRQHandler
                0x0000016e                Reserved20_IRQHandler
                0x00000176                FTFA_IRQHandler
                0x0000017e                LVD_LVW_IRQHandler
                0x00000186                LLWU_IRQHandler
                0x0000018e                I2C0_IRQHandler
                0x00000196                I2C1_IRQHandler
                0x0000019e                SPI0_IRQHandler
                0x000001a6                SPI1_IRQHandler
                0x000001b6                UART1_IRQHandler
                0x000001be                UART2_IRQHandler
                0x000001c6                ADC0_IRQHandler
                0x000001ce                CMP0_IRQHandler
                0x000001d6                TPM0_IRQHandler
                0x000001de                TPM1_IRQHandler
                0x000001e6                TPM2_IRQHandler
                0x000001ee                RTC_IRQHandler
                0x000001f6                RTC_Seconds_IRQHandler
                0x000001fe                PIT_IRQHandler
                0x00000206                Reserved39_IRQHandler
                0x0000020e                USB0_IRQHandler
                0x00000216                DAC0_IRQHandler
                0x00000226                MCG_IRQHandler
                0x0000022e                LPTMR0_IRQHandler
                0x00000236                Reserved45_IRQHandler
                0x0000023e                PORTA_IRQHandler
                0x00000400                . = 0x400
 *fill*         0x0000024e      0x1b2 ff
                0x00000400                PROVIDE (__FLASH_CONFIG_START__ = .)
 *(SORT_BY_ALIGNMENT(.FlashConfig))
 .FlashConfig   0x00000400       0x10 ./startup/startup_mkl25z4.o
                0x00000400                Flash_Config
                0x00000410                PROVIDE (__FLASH_CONFIG_END__ = .)
                0x00000001                ASSERT (! ((__FLASH_CONFIG_START__ == __FLASH_CONFIG_END__)), Linker Flash Config Support Enabled, but no .FlashConfig section provided within application)
 *(SORT_BY_ALIGNMENT(.text*))
 .text.vPortStartFirstTask
                0x00000410       0x38 ./freertos/port.o
 *fill*         0x00000448        0x8 ff
 .text.PendSV_Handler
                0x00000450       0x48 ./freertos/port.o
                0x00000450                PendSV_Handler
 .text.DbgConsole_Init
                0x00000498       0xf4 ./utilities/fsl_debug_console.o
                0x00000498                DbgConsole_Init
 .text.DbgConsole_Printf
                0x0000058c       0x44 ./utilities/fsl_debug_console.o
                0x0000058c                DbgConsole_Printf
 .text.DbgConsole_Putchar
                0x000005d0       0x34 ./utilities/fsl_debug_console.o
                0x000005d0                DbgConsole_Putchar
 .text.Init_RGB_LEDs
                0x00000604       0xa0 ./source/LEDs.o
                0x00000604                Init_RGB_LEDs
 .text.Control_RGB_LEDs
                0x000006a4       0x60 ./source/LEDs.o
                0x000006a4                Control_RGB_LEDs
 .text.NVIC_EnableIRQ
                0x00000704       0x2c ./source/UART.o
 .text.NVIC_ClearPendingIRQ
                0x00000730       0x30 ./source/UART.o
 .text.NVIC_SetPriority
                0x00000760       0xdc ./source/UART.o
 .text.__sys_write
                0x0000083c       0x80 ./source/UART.o
                0x0000083c                __sys_write
 .text.__sys_readc
                0x000008bc       0x30 ./source/UART.o
                0x000008bc                __sys_readc
 .text.Uart_Init
                0x000008ec      0x164 ./source/UART.o
                0x000008ec                Uart_Init
 .text.Start_TxRx
                0x00000a50      0x1cc ./source/UART.o
                0x00000a50                Start_TxRx
 .text.UART0_IRQHandler
                0x00000c1c       0xa0 ./source/UART.o
                0x00000c1c                UART0_IRQHandler
 .text.cbfifo_size
                0x00000cbc       0x28 ./source/cbfifo.o
                0x00000cbc                cbfifo_size
 .text.cbfifo_full
                0x00000ce4       0x38 ./source/cbfifo.o
                0x00000ce4                cbfifo_full
 .text.read_accelerometer
                0x00000d1c       0xd4 ./source/cli.o
 .text.angle    0x00000df0      0x14c ./source/cli.o
 .text.lapse_30
                0x00000f3c      0x110 ./source/cli.o
 .text.surface  0x0000104c       0xf0 ./source/cli.o
 .text.help     0x0000113c       0x40 ./source/cli.o
 .text.invalid  0x0000117c       0x20 ./source/cli.o
 .text.cmd_execute
                0x0000119c      0x10c ./source/cli.o
                0x0000119c                cmd_execute
 .text.NVIC_EnableIRQ
                0x000012a8       0x2c ./source/extra_switch.o
 .text.NVIC_DisableIRQ
                0x000012d4       0x30 ./source/extra_switch.o
 .text.NVIC_SetPriority
                0x00001304       0xdc ./source/extra_switch.o
 .text.init_switch
                0x000013e0       0x5c ./source/extra_switch.o
                0x000013e0                init_switch
 .text.PORTD_IRQHandler
                0x0000143c       0x3c ./source/extra_switch.o
                0x0000143c                PORTD_IRQHandler
 .text.main     0x00001478       0x38 ./source/freertos_hello.o
                0x00001478                main
 .text.i2c_start_bit
                0x000014b0       0x20 ./source/i2c.o
 .text.i2c_stop_bit
                0x000014d0       0x20 ./source/i2c.o
 .text.i2c_repeated_start
                0x000014f0       0x20 ./source/i2c.o
 .text.begin_transmit
                0x00001510       0x20 ./source/i2c.o
 .text.begin_recieve
                0x00001530       0x20 ./source/i2c.o
 .text.i2c_send_ack_bit
                0x00001550       0x20 ./source/i2c.o
 .text.i2c_send_nack_bit
                0x00001570       0x20 ./source/i2c.o
 .text.tx_addr_read
                0x00001590       0x28 ./source/i2c.o
 .text.tx_addr_write
                0x000015b8       0x20 ./source/i2c.o
 .text.i2c_rx_slave_data
                0x000015d8       0x14 ./source/i2c.o
 .text.init_I2C
                0x000015ec       0x8c ./source/i2c.o
                0x000015ec                init_I2C
 .text.i2c_ack_wait
                0x00001678       0x30 ./source/i2c.o
                0x00001678                i2c_ack_wait
 .text.init_MMA
                0x000016a8       0x2c ./source/mma8451.o
                0x000016a8                init_MMA
 .text.compute_angle
                0x000016d4      0x138 ./source/mma8451.o
                0x000016d4                compute_angle
 .text.HardFault_Handler
                0x0000180c       0x30 ./source/semihost_hardfault.o
                0x0000180c                HardFault_Handler
 .text.sysclock_init
                0x0000183c       0x78 ./source/sysclock.o
                0x0000183c                sysclock_init
 .text.test_cbfifo
                0x000018b4     0x1304 ./source/test_cbfifo.o
                0x000018b4                test_cbfifo
 .text.NVIC_EnableIRQ
                0x00002bb8       0x2c ./source/touch.o
 .text.NVIC_ClearPendingIRQ
                0x00002be4       0x30 ./source/touch.o
 .text.NVIC_SetPriority
                0x00002c14       0xdc ./source/touch.o
 .text.init_TSI
                0x00002cf0       0x64 ./source/touch.o
                0x00002cf0                init_TSI
 .text.TSI0_IRQHandler
                0x00002d54       0x34 ./source/touch.o
                0x00002d54                TSI0_IRQHandler
 .text.prvSetupTimerInterrupt
                0x00002d88       0x40 ./freertos/fsl_tickless_lptmr.o
                0x00002d88                prvSetupTimerInterrupt
 .text.pvPortMalloc
                0x00002dc8      0x14c ./freertos/heap_4.o
                0x00002dc8                pvPortMalloc
 .text.vPortFree
                0x00002f14       0x90 ./freertos/heap_4.o
                0x00002f14                vPortFree
 .text.prvHeapInit
                0x00002fa4       0xc0 ./freertos/heap_4.o
 .text.prvInsertBlockIntoFreeList
                0x00003064       0xb0 ./freertos/heap_4.o
 .text.pxPortInitialiseStack
                0x00003114       0x54 ./freertos/port.o
                0x00003114                pxPortInitialiseStack
 .text.prvTaskExitError
                0x00003168       0x18 ./freertos/port.o
 .text.xPortStartScheduler
                0x00003180       0x44 ./freertos/port.o
                0x00003180                xPortStartScheduler
 .text.vPortYield
                0x000031c4       0x20 ./freertos/port.o
                0x000031c4                vPortYield
 .text.vPortEnterCritical
                0x000031e4       0x24 ./freertos/port.o
                0x000031e4                vPortEnterCritical
 .text.vPortExitCritical
                0x00003208       0x30 ./freertos/port.o
                0x00003208                vPortExitCritical
 .text.SysTick_Handler
                0x00003238       0x34 ./freertos/port.o
                0x00003238                SysTick_Handler
 .text.vQueueAddToRegistry
                0x0000326c       0x50 ./freertos/queue.o
                0x0000326c                vQueueAddToRegistry
 .text.prvInitialiseNewTask
                0x000032bc      0x12c ./freertos/tasks.o
 .text.prvAddNewTaskToReadyList
                0x000033e8       0xd0 ./freertos/tasks.o
 .text.vTaskStartScheduler
                0x000034b8       0x78 ./freertos/tasks.o
                0x000034b8                vTaskStartScheduler
 .text.vTaskSuspendAll
                0x00003530       0x18 ./freertos/tasks.o
                0x00003530                vTaskSuspendAll
 .text.xTaskResumeAll
                0x00003548      0x118 ./freertos/tasks.o
                0x00003548                xTaskResumeAll
 .text.xTaskGetTickCount
                0x00003660       0x1c ./freertos/tasks.o
                0x00003660                xTaskGetTickCount
 .text.xTaskIncrementTick
                0x0000367c      0x14c ./freertos/tasks.o
                0x0000367c                xTaskIncrementTick
 .text.vTaskSwitchContext
                0x000037c8       0xa4 ./freertos/tasks.o
                0x000037c8                vTaskSwitchContext
 .text.vTaskPlaceOnEventList
                0x0000386c       0x3c ./freertos/tasks.o
                0x0000386c                vTaskPlaceOnEventList
 .text.vTaskPlaceOnEventListRestricted
                0x000038a8       0x4c ./freertos/tasks.o
                0x000038a8                vTaskPlaceOnEventListRestricted
 .text.xTaskRemoveFromEventList
                0x000038f4       0xb8 ./freertos/tasks.o
                0x000038f4                xTaskRemoveFromEventList
 .text.vTaskSetTimeOutState
                0x000039ac       0x34 ./freertos/tasks.o
                0x000039ac                vTaskSetTimeOutState
 .text.xTaskCheckForTimeOut
                0x000039e0       0x9c ./freertos/tasks.o
                0x000039e0                xTaskCheckForTimeOut
 .text.vTaskMissedYield
                0x00003a7c       0x14 ./freertos/tasks.o
                0x00003a7c                vTaskMissedYield
 .text.prvIdleTask
                0x00003a90       0x20 ./freertos/tasks.o
 .text.prvInitialiseTaskLists
                0x00003ab0       0x88 ./freertos/tasks.o
 .text.prvCheckTasksWaitingTermination
                0x00003b38       0x78 ./freertos/tasks.o
 .text.prvResetNextTaskUnblockTime
                0x00003bb0       0x48 ./freertos/tasks.o
 .text.xTaskGetSchedulerState
                0x00003bf8       0x38 ./freertos/tasks.o
                0x00003bf8                xTaskGetSchedulerState
 .text.vTaskPriorityInherit
                0x00003c30       0xbc ./freertos/tasks.o
                0x00003c30                vTaskPriorityInherit
 .text.xTaskPriorityDisinherit
                0x00003cec       0xb8 ./freertos/tasks.o
                0x00003cec                xTaskPriorityDisinherit
 .text.pvTaskIncrementMutexHeldCount
                0x00003da4       0x24 ./freertos/tasks.o
                0x00003da4                pvTaskIncrementMutexHeldCount
 .text.xTaskGenericNotify
                0x00003dc8      0x118 ./freertos/tasks.o
                0x00003dc8                xTaskGenericNotify
 .text.xTaskGenericNotifyFromISR
                0x00003ee0      0x154 ./freertos/tasks.o
                0x00003ee0                xTaskGenericNotifyFromISR
 .text.prvAddCurrentTaskToDelayedList
                0x00004034       0xa8 ./freertos/tasks.o
 .text.xTimerCreateTimerTask
                0x000040dc       0x54 ./freertos/timers.o
                0x000040dc                xTimerCreateTimerTask
 .text.xTimerGenericCommand
                0x00004130       0x94 ./freertos/timers.o
                0x00004130                xTimerGenericCommand
 .text.prvProcessExpiredTimer
                0x000041c4       0x70 ./freertos/timers.o
 .text.prvProcessTimerOrBlockTask
                0x00004234       0x8c ./freertos/timers.o
 .text.prvGetNextExpireTime
                0x000042c0       0x40 ./freertos/timers.o
 .text.prvSampleTimeNow
                0x00004300       0x40 ./freertos/timers.o
 .text.prvInsertTimerInActiveList
                0x00004340       0x84 ./freertos/timers.o
 .text.prvProcessReceivedCommands
                0x000043c4      0x128 ./freertos/timers.o
 .text.prvSwitchTimerLists
                0x000044ec       0xb4 ./freertos/timers.o
 .text.prvCheckForValidListAndQueue
                0x000045a0       0x74 ./freertos/timers.o
 .text.CLOCK_SetEr32kClock
                0x00004614       0x34 ./drivers/fsl_clock.o
 .text.CLOCK_SetPllFllSelClock
                0x00004648       0x38 ./drivers/fsl_clock.o
 .text.CLOCK_GetMcgExtClkFreq
                0x00004680       0x28 ./drivers/fsl_clock.o
 .text.CLOCK_GetFllExtRefClkFreq
                0x000046a8       0xa8 ./drivers/fsl_clock.o
 .text.CLOCK_GetFllRefClkFreq
                0x00004750       0x2c ./drivers/fsl_clock.o
 .text.CLOCK_GetOscRangeFromFreq
                0x0000477c       0x4c ./drivers/fsl_clock.o
 .text.CLOCK_GetPllFllSelClkFreq
                0x000047c8       0x4c ./drivers/fsl_clock.o
                0x000047c8                CLOCK_GetPllFllSelClkFreq
 .text.CLOCK_SetSimConfig
                0x00004814       0x38 ./drivers/fsl_clock.o
                0x00004814                CLOCK_SetSimConfig
 .text.CLOCK_GetFllFreq
                0x0000484c       0x84 ./drivers/fsl_clock.o
                0x0000484c                CLOCK_GetFllFreq
 .text.CLOCK_GetPll0Freq
                0x000048d0       0x70 ./drivers/fsl_clock.o
                0x000048d0                CLOCK_GetPll0Freq
 .text.CLOCK_SetInternalRefClkConfig
                0x00004940      0x124 ./drivers/fsl_clock.o
                0x00004940                CLOCK_SetInternalRefClkConfig
 .text.CLOCK_EnablePll0
                0x00004a64       0x94 ./drivers/fsl_clock.o
                0x00004a64                CLOCK_EnablePll0
 .text.CLOCK_InitOsc0
                0x00004af8       0x94 ./drivers/fsl_clock.o
                0x00004af8                CLOCK_InitOsc0
 .text.CLOCK_SetPbeMode
                0x00004b8c       0xb0 ./drivers/fsl_clock.o
                0x00004b8c                CLOCK_SetPbeMode
 .text.CLOCK_BootToPeeMode
                0x00004c3c       0x70 ./drivers/fsl_clock.o
                0x00004c3c                CLOCK_BootToPeeMode
 .text.__assertion_failed
                0x00004cac       0x1c ./drivers/fsl_common.o
                0x00004cac                __assertion_failed
 .text.CLOCK_EnableClock
                0x00004cc8       0x34 ./drivers/fsl_lpsci.o
 .text.LPSCI_GetInstance
                0x00004cfc       0x48 ./drivers/fsl_lpsci.o
                0x00004cfc                LPSCI_GetInstance
 .text.LPSCI_Init
                0x00004d44      0x258 ./drivers/fsl_lpsci.o
                0x00004d44                LPSCI_Init
 .text.LPSCI_GetDefaultConfig
                0x00004f9c       0x44 ./drivers/fsl_lpsci.o
                0x00004f9c                LPSCI_GetDefaultConfig
 .text.LPSCI_ClearStatusFlags
                0x00004fe0       0x94 ./drivers/fsl_lpsci.o
                0x00004fe0                LPSCI_ClearStatusFlags
 .text.LPSCI_WriteBlocking
                0x00005074       0x4c ./drivers/fsl_lpsci.o
                0x00005074                LPSCI_WriteBlocking
 .text.LPSCI_ReadBlocking
                0x000050c0       0xc0 ./drivers/fsl_lpsci.o
                0x000050c0                LPSCI_ReadBlocking
 .text.UART0_DriverIRQHandler
                0x00005180       0x24 ./drivers/fsl_lpsci.o
                0x00005180                UART0_DriverIRQHandler
 .text.CLOCK_EnableClock
                0x000051a4       0x34 ./drivers/fsl_uart.o
 .text.UART_GetInstance
                0x000051d8       0x54 ./drivers/fsl_uart.o
                0x000051d8                UART_GetInstance
 .text.UART_Init
                0x0000522c      0x1e0 ./drivers/fsl_uart.o
                0x0000522c                UART_Init
 .text.UART_GetDefaultConfig
                0x0000540c       0x44 ./drivers/fsl_uart.o
                0x0000540c                UART_GetDefaultConfig
 .text.UART_ReadBlocking
                0x00005450       0x98 ./drivers/fsl_uart.o
                0x00005450                UART_ReadBlocking
 .text.UART1_DriverIRQHandler
                0x000054e8       0x24 ./drivers/fsl_uart.o
                0x000054e8                UART1_DriverIRQHandler
 .text.UART2_DriverIRQHandler
                0x0000550c       0x24 ./drivers/fsl_uart.o
                0x0000550c                UART2_DriverIRQHandler
 .text.CLOCK_SetLpsci0Clock
                0x00005530       0x38 ./board/board.o
 .text.BOARD_InitDebugConsole
                0x00005568       0x30 ./board/board.o
                0x00005568                BOARD_InitDebugConsole
 .text.CLOCK_SetSimSafeDivs
                0x00005598       0x20 ./board/clock_config.o
 .text.CLOCK_SetXtal0Freq
                0x000055b8       0x1c ./board/clock_config.o
 .text.CLOCK_CONFIG_SetFllExtRefDiv
                0x000055d4       0x3c ./board/clock_config.o
 .text.BOARD_BootClockRUN
                0x00005610       0x64 ./board/clock_config.o
                0x00005610                BOARD_BootClockRUN
 .text.CLOCK_EnableClock
                0x00005674       0x34 ./board/pin_mux.o
 .text.PORT_SetPinMux
                0x000056a8       0x40 ./board/pin_mux.o
 .text.BOARD_InitPins
                0x000056e8       0x4c ./board/pin_mux.o
                0x000056e8                BOARD_InitPins
 .text.SystemInit
                0x00005734       0x18 ./CMSIS/system_MKL25Z4.o
                0x00005734                SystemInit
 .text._deferredlazyseek
                0x0000574c       0x40 c:/nxp/mcuxpressoide_11.2.0_4120/ide/plugins/com.nxp.mcuxpresso.tools.win32_11.2.0.202001021529/tools/bin/../lib/gcc/arm-none-eabi/9.2.1/../../../../arm-none-eabi/lib/thumb/v6-m/nofp\libcr_c.a(_deferredlazyseek.o)
                0x0000574c                _deferredlazyseek
 .text.__flsbuf
                0x0000578c      0x150 c:/nxp/mcuxpressoide_11.2.0_4120/ide/plugins/com.nxp.mcuxpresso.tools.win32_11.2.0.202001021529/tools/bin/../lib/gcc/arm-none-eabi/9.2.1/../../../../arm-none-eabi/lib/thumb/v6-m/nofp\libcr_c.a(_deferredlazyseek.o)
                0x0000578c                __flsbuf
 .text._fflush  0x000058dc       0x60 c:/nxp/mcuxpressoide_11.2.0_4120/ide/plugins/com.nxp.mcuxpresso.tools.win32_11.2.0.202001021529/tools/bin/../lib/gcc/arm-none-eabi/9.2.1/../../../../arm-none-eabi/lib/thumb/v6-m/nofp\libcr_c.a(_fflush.o)
                0x000058dc                _fflush
 .text._Cwritebuf
                0x0000593c       0x68 c:/nxp/mcuxpressoide_11.2.0_4120/ide/plugins/com.nxp.mcuxpresso.tools.win32_11.2.0.202001021529/tools/bin/../lib/gcc/arm-none-eabi/9.2.1/../../../../arm-none-eabi/lib/thumb/v6-m/nofp\libcr_c.a(_writebuf.o)
                0x0000593c                _Cwritebuf
 .text.malloc   0x000059a4       0xd0 c:/nxp/mcuxpressoide_11.2.0_4120/ide/plugins/com.nxp.mcuxpresso.tools.win32_11.2.0.202001021529/tools/bin/../lib/gcc/arm-none-eabi/9.2.1/../../../../arm-none-eabi/lib/thumb/v6-m/nofp\libcr_c.a(alloc.o)
                0x000059a4                malloc
 .text._Csys_alloc
                0x00005a74       0x20 c:/nxp/mcuxpressoide_11.2.0_4120/ide/plugins/com.nxp.mcuxpresso.tools.win32_11.2.0.202001021529/tools/bin/../lib/gcc/arm-none-eabi/9.2.1/../../../../arm-none-eabi/lib/thumb/v6-m/nofp\libcr_c.a(alloc.o)
                0x00005a74                _Csys_alloc
 .text.atan2    0x00005a94      0x108 c:/nxp/mcuxpressoide_11.2.0_4120/ide/plugins/com.nxp.mcuxpresso.tools.win32_11.2.0.202001021529/tools/bin/../lib/gcc/arm-none-eabi/9.2.1/../../../../arm-none-eabi/lib/thumb/v6-m/nofp\libcr_c.a(atan2.o)
                0x00005a94                atan2
 .text.tolower  0x00005b9c       0x14 c:/nxp/mcuxpressoide_11.2.0_4120/ide/plugins/com.nxp.mcuxpresso.tools.win32_11.2.0.202001021529/tools/bin/../lib/gcc/arm-none-eabi/9.2.1/../../../../arm-none-eabi/lib/thumb/v6-m/nofp\libcr_c.a(ctype.o)
                0x00005b9c                tolower
 .text.fseek    0x00005bb0       0xf4 c:/nxp/mcuxpressoide_11.2.0_4120/ide/plugins/com.nxp.mcuxpresso.tools.win32_11.2.0.202001021529/tools/bin/../lib/gcc/arm-none-eabi/9.2.1/../../../../arm-none-eabi/lib/thumb/v6-m/nofp\libcr_c.a(fseek.o)
                0x00005bb0                fseek
 .text.ftell    0x00005ca4       0x48 c:/nxp/mcuxpressoide_11.2.0_4120/ide/plugins/com.nxp.mcuxpresso.tools.win32_11.2.0.202001021529/tools/bin/../lib/gcc/arm-none-eabi/9.2.1/../../../../arm-none-eabi/lib/thumb/v6-m/nofp\libcr_c.a(ftell.o)
                0x00005ca4                ftell
 .text._initio  0x00005cec       0x7c c:/nxp/mcuxpressoide_11.2.0_4120/ide/plugins/com.nxp.mcuxpresso.tools.win32_11.2.0.202001021529/tools/bin/../lib/gcc/arm-none-eabi/9.2.1/../../../../arm-none-eabi/lib/thumb/v6-m/nofp\libcr_c.a(initio.o)
                0x00005cec                _initio
 .text.__vfprintf
                0x00005d68      0xd40 c:/nxp/mcuxpressoide_11.2.0_4120/ide/plugins/com.nxp.mcuxpresso.tools.win32_11.2.0.202001021529/tools/bin/../lib/gcc/arm-none-eabi/9.2.1/../../../../arm-none-eabi/lib/thumb/v6-m/nofp\libcr_c.a(printf.o)
                0x00005d68                __vfprintf
 .text._vsnprintf
                0x00006aa8       0x70 c:/nxp/mcuxpressoide_11.2.0_4120/ide/plugins/com.nxp.mcuxpresso.tools.win32_11.2.0.202001021529/tools/bin/../lib/gcc/arm-none-eabi/9.2.1/../../../../arm-none-eabi/lib/thumb/v6-m/nofp\libcr_c.a(printf.o)
                0x00006aa8                _vsnprintf
 .text._printf  0x00006b18       0x50 c:/nxp/mcuxpressoide_11.2.0_4120/ide/plugins/com.nxp.mcuxpresso.tools.win32_11.2.0.202001021529/tools/bin/../lib/gcc/arm-none-eabi/9.2.1/../../../../arm-none-eabi/lib/thumb/v6-m/nofp\libcr_c.a(printf.o)
                0x00006b18                _printf
 .text.ch_val   0x00006b68       0x30 c:/nxp/mcuxpressoide_11.2.0_4120/ide/plugins/com.nxp.mcuxpresso.tools.win32_11.2.0.202001021529/tools/bin/../lib/gcc/arm-none-eabi/9.2.1/../../../../arm-none-eabi/lib/thumb/v6-m/nofp\libcr_c.a(scanf.o)
 .text._strtoul
                0x00006b98       0xd0 c:/nxp/mcuxpressoide_11.2.0_4120/ide/plugins/com.nxp.mcuxpresso.tools.win32_11.2.0.202001021529/tools/bin/../lib/gcc/arm-none-eabi/9.2.1/../../../../arm-none-eabi/lib/thumb/v6-m/nofp\libcr_c.a(scanf.o)
 .text.cr_rd_int
                0x00006c68      0x1c0 c:/nxp/mcuxpressoide_11.2.0_4120/ide/plugins/com.nxp.mcuxpresso.tools.win32_11.2.0.202001021529/tools/bin/../lib/gcc/arm-none-eabi/9.2.1/../../../../arm-none-eabi/lib/thumb/v6-m/nofp\libcr_c.a(scanf.o)
 .text.vfscanf  0x00006e28      0x998 c:/nxp/mcuxpressoide_11.2.0_4120/ide/plugins/com.nxp.mcuxpresso.tools.win32_11.2.0.202001021529/tools/bin/../lib/gcc/arm-none-eabi/9.2.1/../../../../arm-none-eabi/lib/thumb/v6-m/nofp\libcr_c.a(scanf.o)
                0x00006e28                vfscanf
 .text.strtol   0x000077c0       0x8c c:/nxp/mcuxpressoide_11.2.0_4120/ide/plugins/com.nxp.mcuxpresso.tools.win32_11.2.0.202001021529/tools/bin/../lib/gcc/arm-none-eabi/9.2.1/../../../../arm-none-eabi/lib/thumb/v6-m/nofp\libcr_c.a(scanf.o)
                0x000077c0                strtol
 .text.setvbuf  0x0000784c       0x4c c:/nxp/mcuxpressoide_11.2.0_4120/ide/plugins/com.nxp.mcuxpresso.tools.win32_11.2.0.202001021529/tools/bin/../lib/gcc/arm-none-eabi/9.2.1/../../../../arm-none-eabi/lib/thumb/v6-m/nofp\libcr_c.a(setvbuf.o)
                0x0000784c                setvbuf
 .text.strcmp   0x00007898       0x44 c:/nxp/mcuxpressoide_11.2.0_4120/ide/plugins/com.nxp.mcuxpresso.tools.win32_11.2.0.202001021529/tools/bin/../lib/gcc/arm-none-eabi/9.2.1/../../../../arm-none-eabi/lib/thumb/v6-m/nofp\libcr_c.a(strcmp.o)
                0x00007898                strcmp
 .text.strlen   0x000078dc       0x58 c:/nxp/mcuxpressoide_11.2.0_4120/ide/plugins/com.nxp.mcuxpresso.tools.win32_11.2.0.202001021529/tools/bin/../lib/gcc/arm-none-eabi/9.2.1/../../../../arm-none-eabi/lib/thumb/v6-m/nofp\libcr_c.a(strlen.o)
                0x000078dc                strlen
 .text.strncmp  0x00007934       0x50 c:/nxp/mcuxpressoide_11.2.0_4120/ide/plugins/com.nxp.mcuxpresso.tools.win32_11.2.0.202001021529/tools/bin/../lib/gcc/arm-none-eabi/9.2.1/../../../../arm-none-eabi/lib/thumb/v6-m/nofp\libcr_c.a(strncmp.o)
                0x00007934                strncmp
 .text.ungetc   0x00007984       0x3c c:/nxp/mcuxpressoide_11.2.0_4120/ide/plugins/com.nxp.mcuxpresso.tools.win32_11.2.0.202001021529/tools/bin/../lib/gcc/arm-none-eabi/9.2.1/../../../../arm-none-eabi/lib/thumb/v6-m/nofp\libcr_c.a(ungetc.o)
                0x00007984                ungetc
 .text.__filbuf
                0x000079c0      0x188 c:/nxp/mcuxpressoide_11.2.0_4120/ide/plugins/com.nxp.mcuxpresso.tools.win32_11.2.0.202001021529/tools/bin/../lib/gcc/arm-none-eabi/9.2.1/../../../../arm-none-eabi/lib/thumb/v6-m/nofp\libcr_c.a(__fillbuf.o)
                0x000079c0                __filbuf
 .text._sbrk    0x00007b48       0x44 c:/nxp/mcuxpressoide_11.2.0_4120/ide/plugins/com.nxp.mcuxpresso.tools.win32_11.2.0.202001021529/tools/bin/../lib/gcc/arm-none-eabi/9.2.1/../../../../arm-none-eabi/lib/thumb/v6-m/nofp\libcr_c.a(_cr_sbrk.o)
                0x00007b48                _sbrk
 .text._fdopen  0x00007b8c       0x74 c:/nxp/mcuxpressoide_11.2.0_4120/ide/plugins/com.nxp.mcuxpresso.tools.win32_11.2.0.202001021529/tools/bin/../lib/gcc/arm-none-eabi/9.2.1/../../../../arm-none-eabi/lib/thumb/v6-m/nofp\libcr_c.a(_fdopen.o)
                0x00007b8c                _fdopen
 .text._frexpl  0x00007c00       0x80 c:/nxp/mcuxpressoide_11.2.0_4120/ide/plugins/com.nxp.mcuxpresso.tools.win32_11.2.0.202001021529/tools/bin/../lib/gcc/arm-none-eabi/9.2.1/../../../../arm-none-eabi/lib/thumb/v6-m/nofp\libcr_c.a(_frexpl.o)
                0x00007c00                _frexpl
 .text._ldexpl  0x00007c80       0x58 c:/nxp/mcuxpressoide_11.2.0_4120/ide/plugins/com.nxp.mcuxpresso.tools.win32_11.2.0.202001021529/tools/bin/../lib/gcc/arm-none-eabi/9.2.1/../../../../arm-none-eabi/lib/thumb/v6-m/nofp\libcr_c.a(_ldexpl.o)
                0x00007c80                _ldexpl
 .text.atan     0x00007cd8      0x204 c:/nxp/mcuxpressoide_11.2.0_4120/ide/plugins/com.nxp.mcuxpresso.tools.win32_11.2.0.202001021529/tools/bin/../lib/gcc/arm-none-eabi/9.2.1/../../../../arm-none-eabi/lib/thumb/v6-m/nofp\libcr_c.a(atan.o)
                0x00007cd8                atan
 .text.fclose   0x00007edc       0x5c c:/nxp/mcuxpressoide_11.2.0_4120/ide/plugins/com.nxp.mcuxpresso.tools.win32_11.2.0.202001021529/tools/bin/../lib/gcc/arm-none-eabi/9.2.1/../../../../arm-none-eabi/lib/thumb/v6-m/nofp\libcr_c.a(fclose.o)
                0x00007edc                fclose
 .text.fflush   0x00007f38       0x44 c:/nxp/mcuxpressoide_11.2.0_4120/ide/plugins/com.nxp.mcuxpresso.tools.win32_11.2.0.202001021529/tools/bin/../lib/gcc/arm-none-eabi/9.2.1/../../../../arm-none-eabi/lib/thumb/v6-m/nofp\libcr_c.a(fflush.o)
                0x00007f38                fflush
 .text.__check_heap_overflow
                0x00007f7c       0x14 c:/nxp/mcuxpressoide_11.2.0_4120/ide/plugins/com.nxp.mcuxpresso.tools.win32_11.2.0.202001021529/tools/bin/../lib/gcc/arm-none-eabi/9.2.1/../../../../arm-none-eabi/lib/thumb/v6-m/nofp\libcr_c.a(_cr_check_heap.o)
                0x00007f7c                __check_heap_overflow
 .text._do_fflush
                0x00007f90       0x48 c:/nxp/mcuxpressoide_11.2.0_4120/ide/plugins/com.nxp.mcuxpresso.tools.win32_11.2.0.202001021529/tools/bin/../lib/gcc/arm-none-eabi/9.2.1/../../../../arm-none-eabi/lib/thumb/v6-m/nofp\libcr_c.a(_do_fflush.o)
                0x00007f90                _do_fflush
 .text.__aeabi_dmul
                0x00007fd8      0x184 c:/nxp/mcuxpressoide_11.2.0_4120/ide/plugins/com.nxp.mcuxpresso.tools.win32_11.2.0.202001021529/tools/bin/../lib/gcc/arm-none-eabi/9.2.1/thumb/v6-m/nofp\libcr_eabihelpers.a(double.o)
                0x00007fd8                __aeabi_dmul
 .text.__aeabi_ddiv
                0x0000815c      0x150 c:/nxp/mcuxpressoide_11.2.0_4120/ide/plugins/com.nxp.mcuxpresso.tools.win32_11.2.0.202001021529/tools/bin/../lib/gcc/arm-none-eabi/9.2.1/thumb/v6-m/nofp\libcr_eabihelpers.a(double.o)
                0x0000815c                __aeabi_ddiv
 .text.__aeabi_dsub
                0x000082ac      0x1e4 c:/nxp/mcuxpressoide_11.2.0_4120/ide/plugins/com.nxp.mcuxpresso.tools.win32_11.2.0.202001021529/tools/bin/../lib/gcc/arm-none-eabi/9.2.1/thumb/v6-m/nofp\libcr_eabihelpers.a(double.o)
                0x000082ac                __aeabi_dsub
 .text.__aeabi_dadd
                0x00008490      0x134 c:/nxp/mcuxpressoide_11.2.0_4120/ide/plugins/com.nxp.mcuxpresso.tools.win32_11.2.0.202001021529/tools/bin/../lib/gcc/arm-none-eabi/9.2.1/thumb/v6-m/nofp\libcr_eabihelpers.a(double.o)
                0x00008490                __aeabi_dadd
 .text.__aeabi_d2f
                0x000085c4       0x60 c:/nxp/mcuxpressoide_11.2.0_4120/ide/plugins/com.nxp.mcuxpresso.tools.win32_11.2.0.202001021529/tools/bin/../lib/gcc/arm-none-eabi/9.2.1/thumb/v6-m/nofp\libcr_eabihelpers.a(double.o)
                0x000085c4                __aeabi_d2f
 .text.__aeabi_d2iz
                0x00008624       0x50 c:/nxp/mcuxpressoide_11.2.0_4120/ide/plugins/com.nxp.mcuxpresso.tools.win32_11.2.0.202001021529/tools/bin/../lib/gcc/arm-none-eabi/9.2.1/thumb/v6-m/nofp\libcr_eabihelpers.a(double.o)
                0x00008624                __aeabi_d2iz
 .text.__aeabi_d2uiz
                0x00008674       0x38 c:/nxp/mcuxpressoide_11.2.0_4120/ide/plugins/com.nxp.mcuxpresso.tools.win32_11.2.0.202001021529/tools/bin/../lib/gcc/arm-none-eabi/9.2.1/thumb/v6-m/nofp\libcr_eabihelpers.a(double.o)
                0x00008674                __aeabi_d2uiz
 .text.__aeabi_dcmpeq
                0x000086ac       0x30 c:/nxp/mcuxpressoide_11.2.0_4120/ide/plugins/com.nxp.mcuxpresso.tools.win32_11.2.0.202001021529/tools/bin/../lib/gcc/arm-none-eabi/9.2.1/thumb/v6-m/nofp\libcr_eabihelpers.a(double.o)
                0x000086ac                __aeabi_dcmpeq
 .text.__aeabi_dcmplt
                0x000086dc       0x60 c:/nxp/mcuxpressoide_11.2.0_4120/ide/plugins/com.nxp.mcuxpresso.tools.win32_11.2.0.202001021529/tools/bin/../lib/gcc/arm-none-eabi/9.2.1/thumb/v6-m/nofp\libcr_eabihelpers.a(double.o)
                0x000086dc                __aeabi_dcmplt
 .text.__aeabi_dcmpgt
                0x0000873c       0x5c c:/nxp/mcuxpressoide_11.2.0_4120/ide/plugins/com.nxp.mcuxpresso.tools.win32_11.2.0.202001021529/tools/bin/../lib/gcc/arm-none-eabi/9.2.1/thumb/v6-m/nofp\libcr_eabihelpers.a(double.o)
                0x0000873c                __aeabi_dcmpgt
 .text.__aeabi_dcmpge
                0x00008798       0x64 c:/nxp/mcuxpressoide_11.2.0_4120/ide/plugins/com.nxp.mcuxpresso.tools.win32_11.2.0.202001021529/tools/bin/../lib/gcc/arm-none-eabi/9.2.1/thumb/v6-m/nofp\libcr_eabihelpers.a(double.o)
                0x00008798                __aeabi_dcmpge
 .text.__aeabi_f2d
                0x000087fc       0x40 c:/nxp/mcuxpressoide_11.2.0_4120/ide/plugins/com.nxp.mcuxpresso.tools.win32_11.2.0.202001021529/tools/bin/../lib/gcc/arm-none-eabi/9.2.1/thumb/v6-m/nofp\libcr_eabihelpers.a(float.o)
                0x000087fc                __aeabi_f2d
 .text.UART_EnableTx
                0x0000883c       0x40 ./utilities/fsl_debug_console.o
 .text.UART_EnableRx
                0x0000887c       0x40 ./utilities/fsl_debug_console.o
 .text.LPSCI_EnableTx
                0x000088bc       0x40 ./utilities/fsl_debug_console.o
 .text.LPSCI_EnableRx
                0x000088fc       0x40 ./utilities/fsl_debug_console.o
 .text.DbgConsole_PrintfPaddingCharacter
                0x0000893c       0x48 ./utilities/fsl_debug_console.o
 .text.DbgConsole_ConvertRadixNumToString
                0x00008984      0x114 ./utilities/fsl_debug_console.o
 .text.DbgConsole_PrintfFormattedData
                0x00008a98      0x33a ./utilities/fsl_debug_console.o
 .text.cbfifo_init
                0x00008dd2       0x38 ./source/cbfifo.o
                0x00008dd2                cbfifo_init
 .text.cbfifo_capacity
                0x00008e0a       0x14 ./source/cbfifo.o
                0x00008e0a                cbfifo_capacity
 .text.cbfifo_length
                0x00008e1e       0x46 ./source/cbfifo.o
                0x00008e1e                cbfifo_length
 .text.cbfifo_enqueue
                0x00008e64      0x1aa ./source/cbfifo.o
                0x00008e64                cbfifo_enqueue
 .text.cbfifo_dequeue
                0x0000900e      0x140 ./source/cbfifo.o
                0x0000900e                cbfifo_dequeue
 .text.hello_task
                0x0000914e       0x54 ./source/freertos_hello.o
 .text.i2c_start_seq
                0x000091a2       0x12 ./source/i2c.o
                0x000091a2                i2c_start_seq
 .text.i2c_read_addr
                0x000091b4       0x4c ./source/i2c.o
                0x000091b4                i2c_read_addr
 .text.i2c_read_reg
                0x00009200       0x52 ./source/i2c.o
                0x00009200                i2c_read_reg
 .text.i2c_txByte
                0x00009252       0x58 ./source/i2c.o
                0x00009252                i2c_txByte
 .text.vListInitialise
                0x000092aa       0x3c ./freertos/list.o
                0x000092aa                vListInitialise
 .text.vListInitialiseItem
                0x000092e6       0x16 ./freertos/list.o
                0x000092e6                vListInitialiseItem
 .text.vListInsertEnd
                0x000092fc       0x44 ./freertos/list.o
                0x000092fc                vListInsertEnd
 .text.vListInsert
                0x00009340       0x6c ./freertos/list.o
                0x00009340                vListInsert
 .text.uxListRemove
                0x000093ac       0x50 ./freertos/list.o
                0x000093ac                uxListRemove
 .text.SVC_Handler
                0x000093fc        0xa ./freertos/port.o
                0x000093fc                SVC_Handler
 .text.ulSetInterruptMaskFromISR
                0x00009406        0xc ./freertos/port.o
                0x00009406                ulSetInterruptMaskFromISR
 .text.vClearInterruptMaskFromISR
                0x00009412        0x8 ./freertos/port.o
                0x00009412                vClearInterruptMaskFromISR
 .text.xQueueGenericReset
                0x0000941a       0xa8 ./freertos/queue.o
                0x0000941a                xQueueGenericReset
 .text.xQueueGenericCreate
                0x000094c2       0x64 ./freertos/queue.o
                0x000094c2                xQueueGenericCreate
 .text.prvInitialiseNewQueue
                0x00009526       0x4e ./freertos/queue.o
 .text.xQueueGenericSend
                0x00009574      0x188 ./freertos/queue.o
                0x00009574                xQueueGenericSend
 .text.xQueueGenericSendFromISR
                0x000096fc       0xe2 ./freertos/queue.o
                0x000096fc                xQueueGenericSendFromISR
 .text.xQueueGenericReceive
                0x000097de      0x1c8 ./freertos/queue.o
                0x000097de                xQueueGenericReceive
 .text.prvCopyDataToQueue
                0x000099a6       0xd6 ./freertos/queue.o
 .text.prvCopyDataFromQueue
                0x00009a7c       0x4c ./freertos/queue.o
 .text.prvUnlockQueue
                0x00009ac8       0xbc ./freertos/queue.o
 .text.prvIsQueueEmpty
                0x00009b84       0x2c ./freertos/queue.o
 .text.prvIsQueueFull
                0x00009bb0       0x30 ./freertos/queue.o
 .text.vQueueWaitForMessageRestricted
                0x00009be0       0x66 ./freertos/queue.o
                0x00009be0                vQueueWaitForMessageRestricted
 .text.xTaskCreate
                0x00009c46       0x90 ./freertos/tasks.o
                0x00009c46                xTaskCreate
 .text.prvDeleteTCB
                0x00009cd6       0x22 ./freertos/tasks.o
 .text.prvTimerTask
                0x00009cf8       0x28 ./freertos/timers.o
 .text.OSC_SetExtRefClkConfig
                0x00009d20       0x3e ./drivers/fsl_clock.o
 .text.OSC_SetCapLoad
                0x00009d5e       0x42 ./drivers/fsl_clock.o
 .text.CLOCK_GetPll0RefFreq
                0x00009da0       0x10 ./drivers/fsl_clock.o
 .text.CLOCK_SetExternalRefClkConfig
                0x00009db0       0x16 ./drivers/fsl_clock.o
                0x00009db0                CLOCK_SetExternalRefClkConfig
 .text.LPSCI_GetStatusFlags
                0x00009dc6       0x26 ./drivers/fsl_lpsci.o
                0x00009dc6                LPSCI_GetStatusFlags
 .text.UART_GetStatusFlags
                0x00009dec       0x26 ./drivers/fsl_uart.o
                0x00009dec                UART_GetStatusFlags
 .text.UART_WriteBlocking
                0x00009e12       0x3c ./drivers/fsl_uart.o
                0x00009e12                UART_WriteBlocking
 .text.__main   0x00009e4e        0xc c:/nxp/mcuxpressoide_11.2.0_4120/ide/plugins/com.nxp.mcuxpresso.tools.win32_11.2.0.202001021529/tools/bin/../lib/gcc/arm-none-eabi/9.2.1/../../../../arm-none-eabi/lib/thumb/v6-m/nofp\libcr_nohost_nf.a(_cr__main.o)
                0x00009e4e                __main
 .text.memcpy   0x00009e5a        0x8 c:/nxp/mcuxpressoide_11.2.0_4120/ide/plugins/com.nxp.mcuxpresso.tools.win32_11.2.0.202001021529/tools/bin/../lib/gcc/arm-none-eabi/9.2.1/../../../../arm-none-eabi/lib/thumb/v6-m/nofp\libcr_c.a(memcpy.o)
                0x00009e5a                memcpy
 .text.memset   0x00009e62        0x8 c:/nxp/mcuxpressoide_11.2.0_4120/ide/plugins/com.nxp.mcuxpresso.tools.win32_11.2.0.202001021529/tools/bin/../lib/gcc/arm-none-eabi/9.2.1/../../../../arm-none-eabi/lib/thumb/v6-m/nofp\libcr_c.a(memset.o)
                0x00009e62                memset
 .text.free     0x00009e6a       0x2c c:/nxp/mcuxpressoide_11.2.0_4120/ide/plugins/com.nxp.mcuxpresso.tools.win32_11.2.0.202001021529/tools/bin/../lib/gcc/arm-none-eabi/9.2.1/../../../../arm-none-eabi/lib/thumb/v6-m/nofp\libcr_c.a(alloc.o)
                0x00009e6a                free
 .text.fabs     0x00009e96       0x22 c:/nxp/mcuxpressoide_11.2.0_4120/ide/plugins/com.nxp.mcuxpresso.tools.win32_11.2.0.202001021529/tools/bin/../lib/gcc/arm-none-eabi/9.2.1/../../../../arm-none-eabi/lib/thumb/v6-m/nofp\libcr_c.a(fabs.o)
                0x00009e96                fabs
 .text.no_fp_display
                0x00009eb8        0x4 c:/nxp/mcuxpressoide_11.2.0_4120/ide/plugins/com.nxp.mcuxpresso.tools.win32_11.2.0.202001021529/tools/bin/../lib/gcc/arm-none-eabi/9.2.1/../../../../arm-none-eabi/lib/thumb/v6-m/nofp\libcr_c.a(printf.o)
 .text.sscanf   0x00009ebc       0x3c c:/nxp/mcuxpressoide_11.2.0_4120/ide/plugins/com.nxp.mcuxpresso.tools.win32_11.2.0.202001021529/tools/bin/../lib/gcc/arm-none-eabi/9.2.1/../../../../arm-none-eabi/lib/thumb/v6-m/nofp\libcr_c.a(scanf.o)
                0x00009ebc                sscanf
 .text._Csys_read_
                0x00009ef8       0x24 c:/nxp/mcuxpressoide_11.2.0_4120/ide/plugins/com.nxp.mcuxpresso.tools.win32_11.2.0.202001021529/tools/bin/../lib/gcc/arm-none-eabi/9.2.1/../../../../arm-none-eabi/lib/thumb/v6-m/nofp\libcr_c.a(__fillbuf.o)
                0x00009ef8                _Csys_read_
 .text.remove   0x00009f1c       0x12 c:/nxp/mcuxpressoide_11.2.0_4120/ide/plugins/com.nxp.mcuxpresso.tools.win32_11.2.0.202001021529/tools/bin/../lib/gcc/arm-none-eabi/9.2.1/../../../../arm-none-eabi/lib/thumb/v6-m/nofp\libcr_c.a(remove.o)
                0x00009f1c                remove
 .text.__aeabi_division_idivmod
                0x00009f2e       0x78 c:/nxp/mcuxpressoide_11.2.0_4120/ide/plugins/com.nxp.mcuxpresso.tools.win32_11.2.0.202001021529/tools/bin/../lib/gcc/arm-none-eabi/9.2.1/thumb/v6-m/nofp\libcr_eabihelpers.a(division_32.o)
                0x00009f2e                __aeabi_idivmod
                0x00009f2e                __aeabi_idiv
                0x00009f34                __aeabi_uidivmod
                0x00009f34                __aeabi_uidiv
 .text.__aeabi_division_idiv0
                0x00009fa6        0x2 c:/nxp/mcuxpressoide_11.2.0_4120/ide/plugins/com.nxp.mcuxpresso.tools.win32_11.2.0.202001021529/tools/bin/../lib/gcc/arm-none-eabi/9.2.1/thumb/v6-m/nofp\libcr_eabihelpers.a(division_idiv0.o)
                0x00009fa6                __aeabi_idiv0
 .text.__bhs_ui2d
                0x00009fa8       0x5e c:/nxp/mcuxpressoide_11.2.0_4120/ide/plugins/com.nxp.mcuxpresso.tools.win32_11.2.0.202001021529/tools/bin/../lib/gcc/arm-none-eabi/9.2.1/thumb/v6-m/nofp\libcr_eabihelpers.a(double.o)
                0x00009fa8                __bhs_ui2d
 .text.__aeabi_i2d
                0x0000a006       0x18 c:/nxp/mcuxpressoide_11.2.0_4120/ide/plugins/com.nxp.mcuxpresso.tools.win32_11.2.0.202001021529/tools/bin/../lib/gcc/arm-none-eabi/9.2.1/thumb/v6-m/nofp\libcr_eabihelpers.a(double.o)
                0x0000a006                __aeabi_i2d
 .text.__aeabi_ui2d
                0x0000a01e        0xc c:/nxp/mcuxpressoide_11.2.0_4120/ide/plugins/com.nxp.mcuxpresso.tools.win32_11.2.0.202001021529/tools/bin/../lib/gcc/arm-none-eabi/9.2.1/thumb/v6-m/nofp\libcr_eabihelpers.a(double.o)
                0x0000a01e                __aeabi_ui2d
 .text.__aeabi_llong_lmul
                0x0000a02a       0x2e c:/nxp/mcuxpressoide_11.2.0_4120/ide/plugins/com.nxp.mcuxpresso.tools.win32_11.2.0.202001021529/tools/bin/../lib/gcc/arm-none-eabi/9.2.1/thumb/v6-m/nofp\libcr_eabihelpers.a(llong.o)
                0x0000a02a                __aeabi_lmul
 .text.__aeabi_memcpy
                0x0000a058       0x2c c:/nxp/mcuxpressoide_11.2.0_4120/ide/plugins/com.nxp.mcuxpresso.tools.win32_11.2.0.202001021529/tools/bin/../lib/gcc/arm-none-eabi/9.2.1/thumb/v6-m/nofp\libcr_eabihelpers.a(memcpy.o)
                0x0000a058                __aeabi_memcpy4
                0x0000a058                __aeabi_memcpy8
                0x0000a058                __aeabi_memcpy
 .text.__aeabi_memset_lowlevel
                0x0000a084       0x2a c:/nxp/mcuxpressoide_11.2.0_4120/ide/plugins/com.nxp.mcuxpresso.tools.win32_11.2.0.202001021529/tools/bin/../lib/gcc/arm-none-eabi/9.2.1/thumb/v6-m/nofp\libcr_eabihelpers.a(memcpy.o)
                0x0000a084                __aeabi_lowlevel_memset
 .text.__gnu_thumb1_case_shi
                0x0000a0ae       0x10 c:/nxp/mcuxpressoide_11.2.0_4120/ide/plugins/com.nxp.mcuxpresso.tools.win32_11.2.0.202001021529/tools/bin/../lib/gcc/arm-none-eabi/9.2.1/thumb/v6-m/nofp\libcr_eabihelpers.a(thumb1_switch_helpers.o)
                0x0000a0ae                __gnu_thumb1_case_shi
 .text.__sys_appexit
                0x0000a0be        0x2 c:/nxp/mcuxpressoide_11.2.0_4120/ide/plugins/com.nxp.mcuxpresso.tools.win32_11.2.0.202001021529/tools/bin/../lib/gcc/arm-none-eabi/9.2.1/../../../../arm-none-eabi/lib/thumb/v6-m/nofp\libcr_nohost_nf.a(__sys_appexit.o)
                0x0000a0be                __sys_appexit
                0x0000a0be                __exit
 .text.__sys_close
                0x0000a0c0        0x6 c:/nxp/mcuxpressoide_11.2.0_4120/ide/plugins/com.nxp.mcuxpresso.tools.win32_11.2.0.202001021529/tools/bin/../lib/gcc/arm-none-eabi/9.2.1/../../../../arm-none-eabi/lib/thumb/v6-m/nofp\libcr_nohost_nf.a(__sys_close.o)
                0x0000a0c0                __sys_close
 .text.__sys_flen
                0x0000a0c6        0x6 c:/nxp/mcuxpressoide_11.2.0_4120/ide/plugins/com.nxp.mcuxpresso.tools.win32_11.2.0.202001021529/tools/bin/../lib/gcc/arm-none-eabi/9.2.1/../../../../arm-none-eabi/lib/thumb/v6-m/nofp\libcr_nohost_nf.a(__sys_flen.o)
                0x0000a0c6                __sys_flen
 .text.__sys_istty
                0x0000a0cc        0x6 c:/nxp/mcuxpressoide_11.2.0_4120/ide/plugins/com.nxp.mcuxpresso.tools.win32_11.2.0.202001021529/tools/bin/../lib/gcc/arm-none-eabi/9.2.1/../../../../arm-none-eabi/lib/thumb/v6-m/nofp\libcr_nohost_nf.a(__sys_istty.o)
                0x0000a0cc                __sys_istty
 .text.__sys_read
                0x0000a0d2        0x4 c:/nxp/mcuxpressoide_11.2.0_4120/ide/plugins/com.nxp.mcuxpresso.tools.win32_11.2.0.202001021529/tools/bin/../lib/gcc/arm-none-eabi/9.2.1/../../../../arm-none-eabi/lib/thumb/v6-m/nofp\libcr_nohost_nf.a(__sys_read.o)
                0x0000a0d2                __sys_read
 .text.__sys_remove
                0x0000a0d6        0x6 c:/nxp/mcuxpressoide_11.2.0_4120/ide/plugins/com.nxp.mcuxpresso.tools.win32_11.2.0.202001021529/tools/bin/../lib/gcc/arm-none-eabi/9.2.1/../../../../arm-none-eabi/lib/thumb/v6-m/nofp\libcr_nohost_nf.a(__sys_remove.o)
                0x0000a0d6                __sys_remove
 .text.__sys_seek
                0x0000a0dc        0x6 c:/nxp/mcuxpressoide_11.2.0_4120/ide/plugins/com.nxp.mcuxpresso.tools.win32_11.2.0.202001021529/tools/bin/../lib/gcc/arm-none-eabi/9.2.1/../../../../arm-none-eabi/lib/thumb/v6-m/nofp\libcr_nohost_nf.a(__sys_seek.o)
                0x0000a0dc                __sys_seek
 .text.__sys_tmpnam
                0x0000a0e2        0x6 c:/nxp/mcuxpressoide_11.2.0_4120/ide/plugins/com.nxp.mcuxpresso.tools.win32_11.2.0.202001021529/tools/bin/../lib/gcc/arm-none-eabi/9.2.1/../../../../arm-none-eabi/lib/thumb/v6-m/nofp\libcr_nohost_nf.a(__sys_tmpnam.o)
                0x0000a0e2                __sys_tmpnam
 *freertos*/tasks.o(SORT_BY_ALIGNMENT(.rodata*))
 .rodata.vTaskStartScheduler.str1.4
                0x0000a0e8        0x5 ./freertos/tasks.o
 *fill*         0x0000a0ed        0x3 ff
 .rodata.xTaskGenericNotify
                0x0000a0f0       0x14 ./freertos/tasks.o
 .rodata.xTaskGenericNotifyFromISR
                0x0000a104       0x14 ./freertos/tasks.o
 .rodata        0x0000a118       0x10 ./freertos/tasks.o
                0x0000a118                FreeRTOSDebugConfig
 *(SORT_BY_ALIGNMENT(.rodata) SORT_BY_ALIGNMENT(.rodata.*) SORT_BY_ALIGNMENT(.constdata) SORT_BY_ALIGNMENT(.constdata.*))
 .rodata.a.3949
                0x0000a128       0x20 c:/nxp/mcuxpressoide_11.2.0_4120/ide/plugins/com.nxp.mcuxpresso.tools.win32_11.2.0.202001021529/tools/bin/../lib/gcc/arm-none-eabi/9.2.1/../../../../arm-none-eabi/lib/thumb/v6-m/nofp\libcr_c.a(atan.o)
 .rodata.Start_TxRx.str1.4
                0x0000a148       0x34 ./source/UART.o
                                 0x38 (size before relaxing)
 .rodata.cbfifo_size.str1.4
                0x0000a17c       0x11 ./source/cbfifo.o
 *fill*         0x0000a18d        0x3 ff
 .rodata.cbfifo_full.str1.4
                0x0000a190       0x11 ./source/cbfifo.o
 *fill*         0x0000a1a1        0x3 ff
 .rodata.read_accelerometer.str1.4
                0x0000a1a4       0x1a ./source/cli.o
                                 0x1f (size before relaxing)
 *fill*         0x0000a1be        0x2 ff
 .rodata.angle.str1.4
                0x0000a1c0       0x47 ./source/cli.o
 *fill*         0x0000a207        0x1 ff
 .rodata.lapse_30.str1.4
                0x0000a208       0x20 ./source/cli.o
 .rodata.surface.str1.4
                0x0000a228       0x1f ./source/cli.o
 *fill*         0x0000a247        0x1 ff
 .rodata.help.str1.4
                0x0000a248      0x12b ./source/cli.o
 *fill*         0x0000a373        0x1 ff
 .rodata.invalid.str1.4
                0x0000a374       0x16 ./source/cli.o
 *fill*         0x0000a38a        0x2 ff
 .rodata.str1.4
                0x0000a38c       0x2d ./source/cli.o
 *fill*         0x0000a3b9        0x3 ff
 .rodata.cmds   0x0000a3bc       0x28 ./source/cli.o
 .rodata.cmd_execute.str1.4
                0x0000a3e4        0x3 ./source/cli.o
 *fill*         0x0000a3e7        0x1 ff
 .rodata.main.str1.4
                0x0000a3e8        0xb ./source/freertos_hello.o
 *fill*         0x0000a3f3        0x1 ff
 .rodata.test_cbfifo.str1.4
                0x0000a3f4     0x1c42 ./source/test_cbfifo.o
 *fill*         0x0000c036        0x2 ff
 .rodata.__FUNCTION__.4866
                0x0000c038        0xc ./source/test_cbfifo.o
 .rodata.xTimerCreateTimerTask.str1.4
                0x0000c044        0x8 ./freertos/timers.o
 .rodata.prvProcessReceivedCommands
                0x0000c04c       0x28 ./freertos/timers.o
 .rodata.prvCheckForValidListAndQueue.str1.4
                0x0000c074        0x5 ./freertos/timers.o
 *fill*         0x0000c079        0x3 ff
 .rodata.CLOCK_GetMcgExtClkFreq.str1.4
                0x0000c07c       0x1f ./drivers/fsl_clock.o
 *fill*         0x0000c09b        0x1 ff
 .rodata.CLOCK_GetPll0Freq.str1.4
                0x0000c09c       0x1e ./drivers/fsl_clock.o
 *fill*         0x0000c0ba        0x2 ff
 .rodata.CLOCK_EnablePll0.str1.4
                0x0000c0bc       0x1a ./drivers/fsl_clock.o
 *fill*         0x0000c0d6        0x2 ff
 .rodata.CLOCK_SetPbeMode.str1.4
                0x0000c0d8       0x1b ./drivers/fsl_clock.o
 *fill*         0x0000c0f3        0x1 ff
 .rodata.CLOCK_BootToPeeMode.str1.4
                0x0000c0f4       0x1b ./drivers/fsl_clock.o
 *fill*         0x0000c10f        0x1 ff
 .rodata.fllFactorTable.5210
                0x0000c110       0x10 ./drivers/fsl_clock.o
 .rodata.__assertion_failed.str1.4
                0x0000c120        0x4 ./drivers/fsl_common.o
 .rodata.LPSCI_GetInstance.str1.4
                0x0000c124       0x37 ./drivers/fsl_lpsci.o
 *fill*         0x0000c15b        0x1 ff
 .rodata.LPSCI_Init.str1.4
                0x0000c15c       0x44 ./drivers/fsl_lpsci.o
 .rodata.LPSCI_GetDefaultConfig.str1.4
                0x0000c1a0       0x1a ./drivers/fsl_lpsci.o
 *fill*         0x0000c1ba        0x2 ff
 .rodata.LPSCI_WriteBlocking.str1.4
                0x0000c1bc       0x18 ./drivers/fsl_lpsci.o
 .rodata.LPSCI_ReadBlocking.str1.4
                0x0000c1d4       0x18 ./drivers/fsl_lpsci.o
 .rodata.s_uartBases
                0x0000c1ec        0xc ./drivers/fsl_uart.o
 .rodata.s_uartClock
                0x0000c1f8        0xc ./drivers/fsl_uart.o
 .rodata.UART_GetInstance.str1.4
                0x0000c204       0x2c ./drivers/fsl_uart.o
 .rodata.UART_Init.str1.4
                0x0000c230       0x43 ./drivers/fsl_uart.o
 *fill*         0x0000c273        0x1 ff
 .rodata.UART_GetDefaultConfig.str1.4
                0x0000c274       0x19 ./drivers/fsl_uart.o
 *fill*         0x0000c28d        0x3 ff
 .rodata.UART_ReadBlocking.str1.4
                0x0000c290       0x17 ./drivers/fsl_uart.o
 *fill*         0x0000c2a7        0x1 ff
 .rodata.mcgConfig_BOARD_BootClockRUN
                0x0000c2a8        0xa ./board/clock_config.o
                0x0000c2a8                mcgConfig_BOARD_BootClockRUN
 *fill*         0x0000c2b2        0x2 ff
 .rodata.simConfig_BOARD_BootClockRUN
                0x0000c2b4        0x8 ./board/clock_config.o
                0x0000c2b4                simConfig_BOARD_BootClockRUN
 .rodata.oscConfig_BOARD_BootClockRUN
                0x0000c2bc        0x8 ./board/clock_config.o
                0x0000c2bc                oscConfig_BOARD_BootClockRUN
 .rodata.__num_Ciob_streams
                0x0000c2c4        0x4 c:/nxp/mcuxpressoide_11.2.0_4120/ide/plugins/com.nxp.mcuxpresso.tools.win32_11.2.0.202001021529/tools/bin/../lib/gcc/arm-none-eabi/9.2.1/../../../../arm-none-eabi/lib/thumb/v6-m/nofp\libcr_nohost_nf.a(__ciob.o)
                0x0000c2c4                __num_Ciob_streams
 .rodata._Csys_alloc.str1.1
                0x0000c2c8       0x18 c:/nxp/mcuxpressoide_11.2.0_4120/ide/plugins/com.nxp.mcuxpresso.tools.win32_11.2.0.202001021529/tools/bin/../lib/gcc/arm-none-eabi/9.2.1/../../../../arm-none-eabi/lib/thumb/v6-m/nofp\libcr_c.a(alloc.o)
 .rodata.__ctype
                0x0000c2e0      0x180 c:/nxp/mcuxpressoide_11.2.0_4120/ide/plugins/com.nxp.mcuxpresso.tools.win32_11.2.0.202001021529/tools/bin/../lib/gcc/arm-none-eabi/9.2.1/../../../../arm-none-eabi/lib/thumb/v6-m/nofp\libcr_c.a(ctype.o)
                0x0000c2e0                __ctype
 .rodata._initio.str1.1
                0x0000c460        0x4 c:/nxp/mcuxpressoide_11.2.0_4120/ide/plugins/com.nxp.mcuxpresso.tools.win32_11.2.0.202001021529/tools/bin/../lib/gcc/arm-none-eabi/9.2.1/../../../../arm-none-eabi/lib/thumb/v6-m/nofp\libcr_c.a(initio.o)
 .rodata.__vfprintf.str1.1
                0x0000c464       0x37 c:/nxp/mcuxpressoide_11.2.0_4120/ide/plugins/com.nxp.mcuxpresso.tools.win32_11.2.0.202001021529/tools/bin/../lib/gcc/arm-none-eabi/9.2.1/../../../../arm-none-eabi/lib/thumb/v6-m/nofp\libcr_c.a(printf.o)
                                 0x38 (size before relaxing)
                0x0000c49c                . = ALIGN (0x4)
 *fill*         0x0000c49b        0x1 ff

.glue_7         0x0000c49c        0x0
 .glue_7        0x0000c49c        0x0 linker stubs

.glue_7t        0x0000c49c        0x0
 .glue_7t       0x0000c49c        0x0 linker stubs

.vfp11_veneer   0x0000c49c        0x0
 .vfp11_veneer  0x0000c49c        0x0 linker stubs

.v4_bx          0x0000c49c        0x0
 .v4_bx         0x0000c49c        0x0 linker stubs

.iplt           0x0000c49c        0x0
 .iplt          0x0000c49c        0x0 ./utilities/fsl_debug_console.o

.rel.dyn        0x0000c49c        0x0
 .rel.iplt      0x0000c49c        0x0 ./utilities/fsl_debug_console.o

.ARM.extab
 *(SORT_BY_ALIGNMENT(.ARM.extab*) SORT_BY_ALIGNMENT(.gnu.linkonce.armextab.*))

.ARM.exidx      0x0000c49c        0x0
                0x0000c49c                __exidx_start = .
 *(SORT_BY_ALIGNMENT(.ARM.exidx*) SORT_BY_ALIGNMENT(.gnu.linkonce.armexidx.*))
                0x0000c49c                __exidx_end = .
                0x0000c49c                _etext = .

.m_usb_data
 *(SORT_BY_ALIGNMENT(m_usb_bdt))

.mtb_buffer_default
                0x1ffff000       0x80
 *(SORT_BY_ALIGNMENT(.mtb*))
 .mtb.$RAM1     0x1ffff000       0x80 ./source/mtb.o
                0x1ffff000                __mtb_buffer__

.uninit_RESERVED
                0x1ffff080        0x0
                0x1ffff080                _start_uninit_RESERVED = .
 *(SORT_BY_ALIGNMENT(.bss.$RESERVED*))
                0x1ffff080                . = ALIGN (0x4)
                0x1ffff080                _end_uninit_RESERVED = .

.data           0x1ffff080       0x14 load address 0x0000c49c
 FILL mask 0xff
                0x1ffff080                _data = .
                [!provide]                PROVIDE (__start_data_RAM = .)
                [!provide]                PROVIDE (__start_data_SRAM = .)
 *(SORT_BY_ALIGNMENT(vtable))
 *(SORT_BY_ALIGNMENT(.ramfunc*))
 *(SORT_BY_ALIGNMENT(CodeQuickAccess))
 *(SORT_BY_ALIGNMENT(DataQuickAccess))
 *(SORT_BY_ALIGNMENT(RamFunction))
 *(SORT_BY_ALIGNMENT(.data*))
 .data.uxCriticalNesting
                0x1ffff080        0x4 ./freertos/port.o
 .data.s_slowIrcFreq
                0x1ffff084        0x4 ./drivers/fsl_clock.o
 .data.SystemCoreClock
                0x1ffff088        0x4 ./CMSIS/system_MKL25Z4.o
                0x1ffff088                SystemCoreClock
 .data.neginf.4394
                0x1ffff08c        0x4 c:/nxp/mcuxpressoide_11.2.0_4120/ide/plugins/com.nxp.mcuxpresso.tools.win32_11.2.0.202001021529/tools/bin/../lib/gcc/arm-none-eabi/9.2.1/../../../../arm-none-eabi/lib/thumb/v6-m/nofp\libcr_c.a(scanf.o)
 .data.posinf.4393
                0x1ffff090        0x4 c:/nxp/mcuxpressoide_11.2.0_4120/ide/plugins/com.nxp.mcuxpresso.tools.win32_11.2.0.202001021529/tools/bin/../lib/gcc/arm-none-eabi/9.2.1/../../../../arm-none-eabi/lib/thumb/v6-m/nofp\libcr_c.a(scanf.o)
                0x1ffff094                . = ALIGN (0x4)
                0x1ffff094                _edata = .
                [!provide]                PROVIDE (__end_data_RAM = .)
                [!provide]                PROVIDE (__end_data_SRAM = .)

.igot.plt       0x1ffff094        0x0 load address 0x0000c4b0
 .igot.plt      0x1ffff094        0x0 ./utilities/fsl_debug_console.o

.bss            0x1ffff094     0x2dbc
                0x1ffff094                _bss = .
                [!provide]                PROVIDE (__start_bss_RAM = .)
                [!provide]                PROVIDE (__start_bss_SRAM = .)
 *(SORT_BY_ALIGNMENT(.bss*))
 .bss.s_debugConsole
                0x1ffff094       0x10 ./utilities/fsl_debug_console.o
 .bss.TxCB      0x1ffff0a4      0x110 ./source/UART.o
                0x1ffff0a4                TxCB
 .bss.RxCB      0x1ffff1b4      0x110 ./source/UART.o
                0x1ffff1b4                RxCB
 .bss.Q         0x1ffff2c4      0x110 ./source/test_cbfifo.o
                0x1ffff2c4                Q
 .bss.touch_val
                0x1ffff3d4        0x4 ./source/touch.o
                0x1ffff3d4                touch_val
 .bss.ucHeap    0x1ffff3d8     0x2800 ./freertos/heap_4.o
 .bss.xStart    0x20001bd8        0x8 ./freertos/heap_4.o
 .bss.pxEnd     0x20001be0        0x4 ./freertos/heap_4.o
 .bss.xFreeBytesRemaining
                0x20001be4        0x4 ./freertos/heap_4.o
 .bss.xMinimumEverFreeBytesRemaining
                0x20001be8        0x4 ./freertos/heap_4.o
 .bss.xBlockAllocatedBit
                0x20001bec        0x4 ./freertos/heap_4.o
 .bss.xQueueRegistry
                0x20001bf0       0x40 ./freertos/queue.o
                0x20001bf0                xQueueRegistry
 .bss.pxCurrentTCB
                0x20001c30        0x4 ./freertos/tasks.o
                0x20001c30                pxCurrentTCB
 .bss.pxReadyTasksLists
                0x20001c34       0x64 ./freertos/tasks.o
 .bss.xDelayedTaskList1
                0x20001c98       0x14 ./freertos/tasks.o
 .bss.xDelayedTaskList2
                0x20001cac       0x14 ./freertos/tasks.o
 .bss.pxDelayedTaskList
                0x20001cc0        0x4 ./freertos/tasks.o
 .bss.pxOverflowDelayedTaskList
                0x20001cc4        0x4 ./freertos/tasks.o
 .bss.xPendingReadyList
                0x20001cc8       0x14 ./freertos/tasks.o
 .bss.xTasksWaitingTermination
                0x20001cdc       0x14 ./freertos/tasks.o
 .bss.uxDeletedTasksWaitingCleanUp
                0x20001cf0        0x4 ./freertos/tasks.o
 .bss.xSuspendedTaskList
                0x20001cf4       0x14 ./freertos/tasks.o
 .bss.uxCurrentNumberOfTasks
                0x20001d08        0x4 ./freertos/tasks.o
 .bss.xTickCount
                0x20001d0c        0x4 ./freertos/tasks.o
 .bss.uxTopReadyPriority
                0x20001d10        0x4 ./freertos/tasks.o
 .bss.xSchedulerRunning
                0x20001d14        0x4 ./freertos/tasks.o
 .bss.uxPendedTicks
                0x20001d18        0x4 ./freertos/tasks.o
 .bss.xYieldPending
                0x20001d1c        0x4 ./freertos/tasks.o
 .bss.xNumOfOverflows
                0x20001d20        0x4 ./freertos/tasks.o
 .bss.uxTaskNumber
                0x20001d24        0x4 ./freertos/tasks.o
 .bss.xNextTaskUnblockTime
                0x20001d28        0x4 ./freertos/tasks.o
 .bss.xIdleTaskHandle
                0x20001d2c        0x4 ./freertos/tasks.o
 .bss.uxSchedulerSuspended
                0x20001d30        0x4 ./freertos/tasks.o
 .bss.xActiveTimerList1
                0x20001d34       0x14 ./freertos/timers.o
 .bss.xActiveTimerList2
                0x20001d48       0x14 ./freertos/timers.o
 .bss.pxCurrentTimerList
                0x20001d5c        0x4 ./freertos/timers.o
 .bss.pxOverflowTimerList
                0x20001d60        0x4 ./freertos/timers.o
 .bss.xTimerQueue
                0x20001d64        0x4 ./freertos/timers.o
 .bss.xTimerTaskHandle
                0x20001d68        0x4 ./freertos/timers.o
 .bss.xLastTime.4556
                0x20001d6c        0x4 ./freertos/timers.o
 .bss.g_xtal0Freq
                0x20001d70        0x4 ./drivers/fsl_clock.o
                0x20001d70                g_xtal0Freq
 .bss.s_lpsciHandle
                0x20001d74        0x4 ./drivers/fsl_lpsci.o
 .bss.s_lpsciIsr
                0x20001d78        0x4 ./drivers/fsl_lpsci.o
 .bss.s_uartHandle
                0x20001d7c        0xc ./drivers/fsl_uart.o
 .bss.s_uartIsr
                0x20001d88        0x4 ./drivers/fsl_uart.o
 .bss.__Ciob    0x20001d8c       0xb4 c:/nxp/mcuxpressoide_11.2.0_4120/ide/plugins/com.nxp.mcuxpresso.tools.win32_11.2.0.202001021529/tools/bin/../lib/gcc/arm-none-eabi/9.2.1/../../../../arm-none-eabi/lib/thumb/v6-m/nofp\libcr_nohost_nf.a(__ciob.o)
                0x20001d8c                __Ciob
 .bss.errno     0x20001e40        0x4 c:/nxp/mcuxpressoide_11.2.0_4120/ide/plugins/com.nxp.mcuxpresso.tools.win32_11.2.0.202001021529/tools/bin/../lib/gcc/arm-none-eabi/9.2.1/../../../../arm-none-eabi/lib/thumb/v6-m/nofp\libcr_c.a(errno.o)
                0x20001e40                errno
 .bss.__end_of_heap
                0x20001e44        0x4 c:/nxp/mcuxpressoide_11.2.0_4120/ide/plugins/com.nxp.mcuxpresso.tools.win32_11.2.0.202001021529/tools/bin/../lib/gcc/arm-none-eabi/9.2.1/../../../../arm-none-eabi/lib/thumb/v6-m/nofp\libcr_c.a(__init_alloc.o)
                0x20001e44                __end_of_heap
 .bss.__heaps   0x20001e48        0x4 c:/nxp/mcuxpressoide_11.2.0_4120/ide/plugins/com.nxp.mcuxpresso.tools.win32_11.2.0.202001021529/tools/bin/../lib/gcc/arm-none-eabi/9.2.1/../../../../arm-none-eabi/lib/thumb/v6-m/nofp\libcr_c.a(__init_alloc.o)
                0x20001e48                __heaps
 .bss.switch_pressed
                0x20001e4c        0x1 ./source/extra_switch.o
                0x20001e4c                switch_pressed
 *(SORT_BY_ALIGNMENT(COMMON))
                0x20001e50                . = ALIGN (0x4)
 *fill*         0x20001e4d        0x3 
                0x20001e50                _ebss = .
                [!provide]                PROVIDE (__end_bss_RAM = .)
                [!provide]                PROVIDE (__end_bss_SRAM = .)
                [!provide]                PROVIDE (end = .)

.noinit         0x20001e50        0x0
                0x20001e50                _noinit = .
                [!provide]                PROVIDE (__start_noinit_RAM = .)
                [!provide]                PROVIDE (__start_noinit_SRAM = .)
 *(SORT_BY_ALIGNMENT(.noinit*))
                0x20001e50                . = ALIGN (0x4)
                0x20001e50                _end_noinit = .
                [!provide]                PROVIDE (__end_noinit_RAM = .)
                [!provide]                PROVIDE (__end_noinit_SRAM = .)
                0x00000400                _HeapSize = 0x400

.heap           0x20001e50      0x400
                0x20001e50                _pvHeapStart = .
                0x20002250                . = (. + _HeapSize)
 *fill*         0x20001e50      0x400 
                0x20002250                . = ALIGN (0x4)
                0x20002250                _pvHeapLimit = .
                0x00000400                _StackSize = 0x400

.heap2stackfill
                0x20002250      0x400
                0x20002650                . = (. + _StackSize)
 *fill*         0x20002250      0x400 

.stack          0x20002c00        0x0
                0x20002c00                _vStackBase = .
                0x20002c00                . = ALIGN (0x4)
                0x20003000                _vStackTop = (. + _StackSize)
                0x00000000                _image_start = LOADADDR (.text)
                0x0000c4b0                _image_end = (LOADADDR (.data) + SIZEOF (.data))
                0x0000c4b0                _image_size = (_image_end - _image_start)
OUTPUT(Accelerometer_freertos.axf elf32-littlearm)

.debug_info     0x00000000     0xee5b
 .debug_info    0x00000000      0xe6e ./utilities/fsl_debug_console.o
 .debug_info    0x00000e6e      0x4db ./startup/startup_mkl25z4.o
 .debug_info    0x00001349      0x413 ./source/LEDs.o
 .debug_info    0x0000175c      0xa4b ./source/UART.o
 .debug_info    0x000021a7      0x593 ./source/cbfifo.o
 .debug_info    0x0000273a      0x736 ./source/cli.o
 .debug_info    0x00002e70      0x539 ./source/extra_switch.o
 .debug_info    0x000033a9      0x5a0 ./source/freertos_hello.o
 .debug_info    0x00003949      0x61f ./source/i2c.o
 .debug_info    0x00003f68      0x2a1 ./source/mma8451.o
 .debug_info    0x00004209       0x4f ./source/mtb.o
 .debug_info    0x00004258       0x38 ./source/semihost_hardfault.o
 .debug_info    0x00004290      0x1e0 ./source/sysclock.o
 .debug_info    0x00004470      0x354 ./source/test_cbfifo.o
 .debug_info    0x000047c4      0x6db ./source/touch.o
 .debug_info    0x00004e9f       0xe8 ./freertos/fsl_tickless_lptmr.o
 .debug_info    0x00004f87      0x330 ./freertos/heap_4.o
 .debug_info    0x000052b7      0x2e7 ./freertos/list.o
 .debug_info    0x0000559e      0x276 ./freertos/port.o
 .debug_info    0x00005814      0xef7 ./freertos/queue.o
 .debug_info    0x0000670b     0x18e2 ./freertos/tasks.o
 .debug_info    0x00007fed      0xb8e ./freertos/timers.o
 .debug_info    0x00008b7b     0x1a93 ./drivers/fsl_clock.o
 .debug_info    0x0000a60e      0x440 ./drivers/fsl_common.o
 .debug_info    0x0000aa4e     0x1465 ./drivers/fsl_lpsci.o
 .debug_info    0x0000beb3     0x1406 ./drivers/fsl_uart.o
 .debug_info    0x0000d2b9      0x6f6 ./board/board.o
 .debug_info    0x0000d9af      0xaea ./board/clock_config.o
 .debug_info    0x0000e499      0x58d ./board/pin_mux.o
 .debug_info    0x0000ea26      0x435 ./CMSIS/system_MKL25Z4.o

.debug_abbrev   0x00000000     0x354a
 .debug_abbrev  0x00000000      0x2d4 ./utilities/fsl_debug_console.o
 .debug_abbrev  0x000002d4      0x18a ./startup/startup_mkl25z4.o
 .debug_abbrev  0x0000045e      0x144 ./source/LEDs.o
 .debug_abbrev  0x000005a2      0x243 ./source/UART.o
 .debug_abbrev  0x000007e5      0x1ec ./source/cbfifo.o
 .debug_abbrev  0x000009d1      0x1e1 ./source/cli.o
 .debug_abbrev  0x00000bb2      0x1b0 ./source/extra_switch.o
 .debug_abbrev  0x00000d62      0x18f ./source/freertos_hello.o
 .debug_abbrev  0x00000ef1      0x1fe ./source/i2c.o
 .debug_abbrev  0x000010ef      0x150 ./source/mma8451.o
 .debug_abbrev  0x0000123f       0x43 ./source/mtb.o
 .debug_abbrev  0x00001282       0x2e ./source/semihost_hardfault.o
 .debug_abbrev  0x000012b0       0xec ./source/sysclock.o
 .debug_abbrev  0x0000139c      0x137 ./source/test_cbfifo.o
 .debug_abbrev  0x000014d3      0x1bb ./source/touch.o
 .debug_abbrev  0x0000168e       0x97 ./freertos/fsl_tickless_lptmr.o
 .debug_abbrev  0x00001725      0x1a4 ./freertos/heap_4.o
 .debug_abbrev  0x000018c9      0x123 ./freertos/list.o
 .debug_abbrev  0x000019ec      0x1b0 ./freertos/port.o
 .debug_abbrev  0x00001b9c      0x211 ./freertos/queue.o
 .debug_abbrev  0x00001dad      0x2cd ./freertos/tasks.o
 .debug_abbrev  0x0000207a      0x222 ./freertos/timers.o
 .debug_abbrev  0x0000229c      0x36c ./drivers/fsl_clock.o
 .debug_abbrev  0x00002608      0x272 ./drivers/fsl_common.o
 .debug_abbrev  0x0000287a      0x306 ./drivers/fsl_lpsci.o
 .debug_abbrev  0x00002b80      0x320 ./drivers/fsl_uart.o
 .debug_abbrev  0x00002ea0      0x182 ./board/board.o
 .debug_abbrev  0x00003022      0x21d ./board/clock_config.o
 .debug_abbrev  0x0000323f      0x1b8 ./board/pin_mux.o
 .debug_abbrev  0x000033f7      0x153 ./CMSIS/system_MKL25Z4.o

.debug_aranges  0x00000000      0xf20
 .debug_aranges
                0x00000000       0x90 ./utilities/fsl_debug_console.o
 .debug_aranges
                0x00000090      0x160 ./startup/startup_mkl25z4.o
 .debug_aranges
                0x000001f0       0x28 ./source/LEDs.o
 .debug_aranges
                0x00000218       0x58 ./source/UART.o
 .debug_aranges
                0x00000270       0x58 ./source/cbfifo.o
 .debug_aranges
                0x000002c8       0x50 ./source/cli.o
 .debug_aranges
                0x00000318       0x40 ./source/extra_switch.o
 .debug_aranges
                0x00000358       0x28 ./source/freertos_hello.o
 .debug_aranges
                0x00000380       0xa0 ./source/i2c.o
 .debug_aranges
                0x00000420       0x28 ./source/mma8451.o
 .debug_aranges
                0x00000448       0x18 ./source/mtb.o
 .debug_aranges
                0x00000460       0x20 ./source/semihost_hardfault.o
 .debug_aranges
                0x00000480       0x20 ./source/sysclock.o
 .debug_aranges
                0x000004a0       0x20 ./source/test_cbfifo.o
 .debug_aranges
                0x000004c0       0x40 ./source/touch.o
 .debug_aranges
                0x00000500       0x20 ./freertos/fsl_tickless_lptmr.o
 .debug_aranges
                0x00000520       0x50 ./freertos/heap_4.o
 .debug_aranges
                0x00000570       0x40 ./freertos/list.o
 .debug_aranges
                0x000005b0       0x80 ./freertos/port.o
 .debug_aranges
                0x00000630      0x118 ./freertos/queue.o
 .debug_aranges
                0x00000748      0x1e8 ./freertos/tasks.o
 .debug_aranges
                0x00000930       0xc8 ./freertos/timers.o
 .debug_aranges
                0x000009f8      0x1d8 ./drivers/fsl_clock.o
 .debug_aranges
                0x00000bd0       0x38 ./drivers/fsl_common.o
 .debug_aranges
                0x00000c08      0x118 ./drivers/fsl_lpsci.o
 .debug_aranges
                0x00000d20      0x130 ./drivers/fsl_uart.o
 .debug_aranges
                0x00000e50       0x28 ./board/board.o
 .debug_aranges
                0x00000e78       0x50 ./board/clock_config.o
 .debug_aranges
                0x00000ec8       0x30 ./board/pin_mux.o
 .debug_aranges
                0x00000ef8       0x28 ./CMSIS/system_MKL25Z4.o

.debug_ranges   0x00000000      0xd38
 .debug_ranges  0x00000000       0x80 ./utilities/fsl_debug_console.o
 .debug_ranges  0x00000080      0x150 ./startup/startup_mkl25z4.o
 .debug_ranges  0x000001d0       0x18 ./source/LEDs.o
 .debug_ranges  0x000001e8       0x48 ./source/UART.o
 .debug_ranges  0x00000230       0x48 ./source/cbfifo.o
 .debug_ranges  0x00000278       0x40 ./source/cli.o
 .debug_ranges  0x000002b8       0x30 ./source/extra_switch.o
 .debug_ranges  0x000002e8       0x18 ./source/freertos_hello.o
 .debug_ranges  0x00000300       0x90 ./source/i2c.o
 .debug_ranges  0x00000390       0x18 ./source/mma8451.o
 .debug_ranges  0x000003a8       0x10 ./source/semihost_hardfault.o
 .debug_ranges  0x000003b8       0x10 ./source/sysclock.o
 .debug_ranges  0x000003c8       0x10 ./source/test_cbfifo.o
 .debug_ranges  0x000003d8       0x30 ./source/touch.o
 .debug_ranges  0x00000408       0x10 ./freertos/fsl_tickless_lptmr.o
 .debug_ranges  0x00000418       0x40 ./freertos/heap_4.o
 .debug_ranges  0x00000458       0x30 ./freertos/list.o
 .debug_ranges  0x00000488       0x70 ./freertos/port.o
 .debug_ranges  0x000004f8      0x108 ./freertos/queue.o
 .debug_ranges  0x00000600      0x1d8 ./freertos/tasks.o
 .debug_ranges  0x000007d8       0xb8 ./freertos/timers.o
 .debug_ranges  0x00000890      0x1c8 ./drivers/fsl_clock.o
 .debug_ranges  0x00000a58       0x28 ./drivers/fsl_common.o
 .debug_ranges  0x00000a80      0x108 ./drivers/fsl_lpsci.o
 .debug_ranges  0x00000b88      0x120 ./drivers/fsl_uart.o
 .debug_ranges  0x00000ca8       0x18 ./board/board.o
 .debug_ranges  0x00000cc0       0x40 ./board/clock_config.o
 .debug_ranges  0x00000d00       0x20 ./board/pin_mux.o
 .debug_ranges  0x00000d20       0x18 ./CMSIS/system_MKL25Z4.o

.debug_line     0x00000000     0xa16f
 .debug_line    0x00000000      0xbbb ./utilities/fsl_debug_console.o
 .debug_line    0x00000bbb      0x1e7 ./startup/startup_mkl25z4.o
 .debug_line    0x00000da2      0x221 ./source/LEDs.o
 .debug_line    0x00000fc3      0x482 ./source/UART.o
 .debug_line    0x00001445      0x51d ./source/cbfifo.o
 .debug_line    0x00001962      0x4a7 ./source/cli.o
 .debug_line    0x00001e09      0x2e4 ./source/extra_switch.o
 .debug_line    0x000020ed      0x30c ./source/freertos_hello.o
 .debug_line    0x000023f9      0x3b7 ./source/i2c.o
 .debug_line    0x000027b0      0x26b ./source/mma8451.o
 .debug_line    0x00002a1b       0x30 ./source/mtb.o
 .debug_line    0x00002a4b       0x59 ./source/semihost_hardfault.o
 .debug_line    0x00002aa4      0x1d9 ./source/sysclock.o
 .debug_line    0x00002c7d      0x67e ./source/test_cbfifo.o
 .debug_line    0x000032fb      0x2ea ./source/touch.o
 .debug_line    0x000035e5      0x18c ./freertos/fsl_tickless_lptmr.o
 .debug_line    0x00003771      0x3c6 ./freertos/heap_4.o
 .debug_line    0x00003b37      0x272 ./freertos/list.o
 .debug_line    0x00003da9      0x30d ./freertos/port.o
 .debug_line    0x000040b6      0xbdd ./freertos/queue.o
 .debug_line    0x00004c93     0x1488 ./freertos/tasks.o
 .debug_line    0x0000611b      0x678 ./freertos/timers.o
 .debug_line    0x00006793     0x125b ./drivers/fsl_clock.o
 .debug_line    0x000079ee      0x2f0 ./drivers/fsl_common.o
 .debug_line    0x00007cde      0xcd7 ./drivers/fsl_lpsci.o
 .debug_line    0x000089b5      0xcc6 ./drivers/fsl_uart.o
 .debug_line    0x0000967b      0x278 ./board/board.o
 .debug_line    0x000098f3      0x33b ./board/clock_config.o
 .debug_line    0x00009c2e      0x2a5 ./board/pin_mux.o
 .debug_line    0x00009ed3      0x29c ./CMSIS/system_MKL25Z4.o

.debug_str      0x00000000     0x5b79
 .debug_str     0x00000000      0xcf7 ./utilities/fsl_debug_console.o
                                0xd80 (size before relaxing)
 .debug_str     0x00000cf7      0x394 ./startup/startup_mkl25z4.o
                                0x502 (size before relaxing)
 .debug_str     0x0000108b      0x161 ./source/LEDs.o
                                0x38c (size before relaxing)
 .debug_str     0x000011ec      0x3b3 ./source/UART.o
                                0x737 (size before relaxing)
 .debug_str     0x0000159f       0xd0 ./source/cbfifo.o
                                0x3ea (size before relaxing)
 .debug_str     0x0000166f       0xf0 ./source/cli.o
                                0x879 (size before relaxing)
 .debug_str     0x0000175f       0x35 ./source/extra_switch.o
                                0x548 (size before relaxing)
 .debug_str     0x00001794      0x396 ./source/freertos_hello.o
                                0x6c6 (size before relaxing)
 .debug_str     0x00001b2a      0x144 ./source/i2c.o
                                0x460 (size before relaxing)
 .debug_str     0x00001c6e       0x62 ./source/mma8451.o
                                0x2b4 (size before relaxing)
 .debug_str     0x00001cd0       0x1f ./source/mtb.o
                                0x18c (size before relaxing)
 .debug_str     0x00001cef       0x1f ./source/semihost_hardfault.o
                                0x18c (size before relaxing)
 .debug_str     0x00001d0e       0x38 ./source/sysclock.o
                                0x279 (size before relaxing)
 .debug_str     0x00001d46       0x46 ./source/test_cbfifo.o
                                0x35e (size before relaxing)
 .debug_str     0x00001d8c       0x42 ./source/touch.o
                                0x5ff (size before relaxing)
 .debug_str     0x00001dce       0x43 ./freertos/fsl_tickless_lptmr.o
                                0x27d (size before relaxing)
 .debug_str     0x00001e11      0x1d3 ./freertos/heap_4.o
                                0x403 (size before relaxing)
 .debug_str     0x00001fe4      0x131 ./freertos/list.o
                                0x377 (size before relaxing)
 .debug_str     0x00002115      0x130 ./freertos/port.o
                                0x3b9 (size before relaxing)
 .debug_str     0x00002245      0x565 ./freertos/queue.o
                                0x899 (size before relaxing)
 .debug_str     0x000027aa      0xbec ./freertos/tasks.o
                               0x1017 (size before relaxing)
 .debug_str     0x00003396      0x4dd ./freertos/timers.o
                                0x859 (size before relaxing)
 .debug_str     0x00003873      0xcf1 ./drivers/fsl_clock.o
                               0x182d (size before relaxing)
 .debug_str     0x00004564       0xe1 ./drivers/fsl_common.o
                                0x54f (size before relaxing)
 .debug_str     0x00004645      0x95a ./drivers/fsl_lpsci.o
                               0x15f5 (size before relaxing)
 .debug_str     0x00004f9f      0x819 ./drivers/fsl_uart.o
                               0x1601 (size before relaxing)
 .debug_str     0x000057b8       0x4c ./board/board.o
                                0x6d6 (size before relaxing)
 .debug_str     0x00005804      0x1fb ./board/clock_config.o
                                0xdff (size before relaxing)
 .debug_str     0x000059ff      0x12b ./board/pin_mux.o
                                0x60a (size before relaxing)
 .debug_str     0x00005b2a       0x4f ./CMSIS/system_MKL25Z4.o
                                0x36e (size before relaxing)

.comment        0x00000000       0x79
 .comment       0x00000000       0x79 ./utilities/fsl_debug_console.o
                                 0x7a (size before relaxing)
 .comment       0x00000079       0x7a ./startup/startup_mkl25z4.o
 .comment       0x00000079       0x7a ./source/LEDs.o
 .comment       0x00000079       0x7a ./source/UART.o
 .comment       0x00000079       0x7a ./source/cbfifo.o
 .comment       0x00000079       0x7a ./source/cli.o
 .comment       0x00000079       0x7a ./source/extra_switch.o
 .comment       0x00000079       0x7a ./source/freertos_hello.o
 .comment       0x00000079       0x7a ./source/i2c.o
 .comment       0x00000079       0x7a ./source/mma8451.o
 .comment       0x00000079       0x7a ./source/mtb.o
 .comment       0x00000079       0x7a ./source/semihost_hardfault.o
 .comment       0x00000079       0x7a ./source/sysclock.o
 .comment       0x00000079       0x7a ./source/test_cbfifo.o
 .comment       0x00000079       0x7a ./source/touch.o
 .comment       0x00000079       0x7a ./freertos/fsl_tickless_lptmr.o
 .comment       0x00000079       0x7a ./freertos/heap_4.o
 .comment       0x00000079       0x7a ./freertos/list.o
 .comment       0x00000079       0x7a ./freertos/port.o
 .comment       0x00000079       0x7a ./freertos/queue.o
 .comment       0x00000079       0x7a ./freertos/tasks.o
 .comment       0x00000079       0x7a ./freertos/timers.o
 .comment       0x00000079       0x7a ./drivers/fsl_clock.o
 .comment       0x00000079       0x7a ./drivers/fsl_common.o
 .comment       0x00000079       0x7a ./drivers/fsl_lpsci.o
 .comment       0x00000079       0x7a ./drivers/fsl_uart.o
 .comment       0x00000079       0x7a ./board/board.o
 .comment       0x00000079       0x7a ./board/clock_config.o
 .comment       0x00000079       0x7a ./board/pin_mux.o
 .comment       0x00000079       0x7a ./CMSIS/system_MKL25Z4.o
 .comment       0x00000079       0x7a c:/nxp/mcuxpressoide_11.2.0_4120/ide/plugins/com.nxp.mcuxpresso.tools.win32_11.2.0.202001021529/tools/bin/../lib/gcc/arm-none-eabi/9.2.1/../../../../arm-none-eabi/lib/thumb/v6-m/nofp\libcr_nohost_nf.a(__ciob.o)
 .comment       0x00000079       0x7a c:/nxp/mcuxpressoide_11.2.0_4120/ide/plugins/com.nxp.mcuxpresso.tools.win32_11.2.0.202001021529/tools/bin/../lib/gcc/arm-none-eabi/9.2.1/../../../../arm-none-eabi/lib/thumb/v6-m/nofp\libcr_nohost_nf.a(_cr__main.o)
 .comment       0x00000079       0x7a c:/nxp/mcuxpressoide_11.2.0_4120/ide/plugins/com.nxp.mcuxpresso.tools.win32_11.2.0.202001021529/tools/bin/../lib/gcc/arm-none-eabi/9.2.1/../../../../arm-none-eabi/lib/thumb/v6-m/nofp\libcr_c.a(memcpy.o)
 .comment       0x00000079       0x7a c:/nxp/mcuxpressoide_11.2.0_4120/ide/plugins/com.nxp.mcuxpresso.tools.win32_11.2.0.202001021529/tools/bin/../lib/gcc/arm-none-eabi/9.2.1/../../../../arm-none-eabi/lib/thumb/v6-m/nofp\libcr_c.a(memset.o)
 .comment       0x00000079       0x7a c:/nxp/mcuxpressoide_11.2.0_4120/ide/plugins/com.nxp.mcuxpresso.tools.win32_11.2.0.202001021529/tools/bin/../lib/gcc/arm-none-eabi/9.2.1/../../../../arm-none-eabi/lib/thumb/v6-m/nofp\libcr_c.a(_deferredlazyseek.o)
 .comment       0x00000079       0x7a c:/nxp/mcuxpressoide_11.2.0_4120/ide/plugins/com.nxp.mcuxpresso.tools.win32_11.2.0.202001021529/tools/bin/../lib/gcc/arm-none-eabi/9.2.1/../../../../arm-none-eabi/lib/thumb/v6-m/nofp\libcr_c.a(_fflush.o)
 .comment       0x00000079       0x7a c:/nxp/mcuxpressoide_11.2.0_4120/ide/plugins/com.nxp.mcuxpresso.tools.win32_11.2.0.202001021529/tools/bin/../lib/gcc/arm-none-eabi/9.2.1/../../../../arm-none-eabi/lib/thumb/v6-m/nofp\libcr_c.a(_writebuf.o)
 .comment       0x00000079       0x7a c:/nxp/mcuxpressoide_11.2.0_4120/ide/plugins/com.nxp.mcuxpresso.tools.win32_11.2.0.202001021529/tools/bin/../lib/gcc/arm-none-eabi/9.2.1/../../../../arm-none-eabi/lib/thumb/v6-m/nofp\libcr_c.a(alloc.o)
 .comment       0x00000079       0x7a c:/nxp/mcuxpressoide_11.2.0_4120/ide/plugins/com.nxp.mcuxpresso.tools.win32_11.2.0.202001021529/tools/bin/../lib/gcc/arm-none-eabi/9.2.1/../../../../arm-none-eabi/lib/thumb/v6-m/nofp\libcr_c.a(atan2.o)
 .comment       0x00000079       0x7a c:/nxp/mcuxpressoide_11.2.0_4120/ide/plugins/com.nxp.mcuxpresso.tools.win32_11.2.0.202001021529/tools/bin/../lib/gcc/arm-none-eabi/9.2.1/../../../../arm-none-eabi/lib/thumb/v6-m/nofp\libcr_c.a(ctype.o)
 .comment       0x00000079       0x7a c:/nxp/mcuxpressoide_11.2.0_4120/ide/plugins/com.nxp.mcuxpresso.tools.win32_11.2.0.202001021529/tools/bin/../lib/gcc/arm-none-eabi/9.2.1/../../../../arm-none-eabi/lib/thumb/v6-m/nofp\libcr_c.a(errno.o)
 .comment       0x00000079       0x7a c:/nxp/mcuxpressoide_11.2.0_4120/ide/plugins/com.nxp.mcuxpresso.tools.win32_11.2.0.202001021529/tools/bin/../lib/gcc/arm-none-eabi/9.2.1/../../../../arm-none-eabi/lib/thumb/v6-m/nofp\libcr_c.a(fabs.o)
 .comment       0x00000079       0x7a c:/nxp/mcuxpressoide_11.2.0_4120/ide/plugins/com.nxp.mcuxpresso.tools.win32_11.2.0.202001021529/tools/bin/../lib/gcc/arm-none-eabi/9.2.1/../../../../arm-none-eabi/lib/thumb/v6-m/nofp\libcr_c.a(fseek.o)
 .comment       0x00000079       0x7a c:/nxp/mcuxpressoide_11.2.0_4120/ide/plugins/com.nxp.mcuxpresso.tools.win32_11.2.0.202001021529/tools/bin/../lib/gcc/arm-none-eabi/9.2.1/../../../../arm-none-eabi/lib/thumb/v6-m/nofp\libcr_c.a(ftell.o)
 .comment       0x00000079       0x7a c:/nxp/mcuxpressoide_11.2.0_4120/ide/plugins/com.nxp.mcuxpresso.tools.win32_11.2.0.202001021529/tools/bin/../lib/gcc/arm-none-eabi/9.2.1/../../../../arm-none-eabi/lib/thumb/v6-m/nofp\libcr_c.a(initio.o)
 .comment       0x00000079       0x7a c:/nxp/mcuxpressoide_11.2.0_4120/ide/plugins/com.nxp.mcuxpresso.tools.win32_11.2.0.202001021529/tools/bin/../lib/gcc/arm-none-eabi/9.2.1/../../../../arm-none-eabi/lib/thumb/v6-m/nofp\libcr_c.a(printf.o)
 .comment       0x00000079       0x7a c:/nxp/mcuxpressoide_11.2.0_4120/ide/plugins/com.nxp.mcuxpresso.tools.win32_11.2.0.202001021529/tools/bin/../lib/gcc/arm-none-eabi/9.2.1/../../../../arm-none-eabi/lib/thumb/v6-m/nofp\libcr_c.a(scanf.o)
 .comment       0x00000079       0x7a c:/nxp/mcuxpressoide_11.2.0_4120/ide/plugins/com.nxp.mcuxpresso.tools.win32_11.2.0.202001021529/tools/bin/../lib/gcc/arm-none-eabi/9.2.1/../../../../arm-none-eabi/lib/thumb/v6-m/nofp\libcr_c.a(setvbuf.o)
 .comment       0x00000079       0x7a c:/nxp/mcuxpressoide_11.2.0_4120/ide/plugins/com.nxp.mcuxpresso.tools.win32_11.2.0.202001021529/tools/bin/../lib/gcc/arm-none-eabi/9.2.1/../../../../arm-none-eabi/lib/thumb/v6-m/nofp\libcr_c.a(strcmp.o)
 .comment       0x00000079       0x7a c:/nxp/mcuxpressoide_11.2.0_4120/ide/plugins/com.nxp.mcuxpresso.tools.win32_11.2.0.202001021529/tools/bin/../lib/gcc/arm-none-eabi/9.2.1/../../../../arm-none-eabi/lib/thumb/v6-m/nofp\libcr_c.a(strlen.o)
 .comment       0x00000079       0x7a c:/nxp/mcuxpressoide_11.2.0_4120/ide/plugins/com.nxp.mcuxpresso.tools.win32_11.2.0.202001021529/tools/bin/../lib/gcc/arm-none-eabi/9.2.1/../../../../arm-none-eabi/lib/thumb/v6-m/nofp\libcr_c.a(strncmp.o)
 .comment       0x00000079       0x7a c:/nxp/mcuxpressoide_11.2.0_4120/ide/plugins/com.nxp.mcuxpresso.tools.win32_11.2.0.202001021529/tools/bin/../lib/gcc/arm-none-eabi/9.2.1/../../../../arm-none-eabi/lib/thumb/v6-m/nofp\libcr_c.a(ungetc.o)
 .comment       0x00000079       0x7a c:/nxp/mcuxpressoide_11.2.0_4120/ide/plugins/com.nxp.mcuxpresso.tools.win32_11.2.0.202001021529/tools/bin/../lib/gcc/arm-none-eabi/9.2.1/../../../../arm-none-eabi/lib/thumb/v6-m/nofp\libcr_c.a(__fillbuf.o)
 .comment       0x00000079       0x7a c:/nxp/mcuxpressoide_11.2.0_4120/ide/plugins/com.nxp.mcuxpresso.tools.win32_11.2.0.202001021529/tools/bin/../lib/gcc/arm-none-eabi/9.2.1/../../../../arm-none-eabi/lib/thumb/v6-m/nofp\libcr_c.a(__init_alloc.o)
 .comment       0x00000079       0x7a c:/nxp/mcuxpressoide_11.2.0_4120/ide/plugins/com.nxp.mcuxpresso.tools.win32_11.2.0.202001021529/tools/bin/../lib/gcc/arm-none-eabi/9.2.1/../../../../arm-none-eabi/lib/thumb/v6-m/nofp\libcr_c.a(_cr_sbrk.o)
 .comment       0x00000079       0x7a c:/nxp/mcuxpressoide_11.2.0_4120/ide/plugins/com.nxp.mcuxpresso.tools.win32_11.2.0.202001021529/tools/bin/../lib/gcc/arm-none-eabi/9.2.1/../../../../arm-none-eabi/lib/thumb/v6-m/nofp\libcr_c.a(_fdopen.o)
 .comment       0x00000079       0x7a c:/nxp/mcuxpressoide_11.2.0_4120/ide/plugins/com.nxp.mcuxpresso.tools.win32_11.2.0.202001021529/tools/bin/../lib/gcc/arm-none-eabi/9.2.1/../../../../arm-none-eabi/lib/thumb/v6-m/nofp\libcr_c.a(_frexpl.o)
 .comment       0x00000079       0x7a c:/nxp/mcuxpressoide_11.2.0_4120/ide/plugins/com.nxp.mcuxpresso.tools.win32_11.2.0.202001021529/tools/bin/../lib/gcc/arm-none-eabi/9.2.1/../../../../arm-none-eabi/lib/thumb/v6-m/nofp\libcr_c.a(_ldexpl.o)
 .comment       0x00000079       0x7a c:/nxp/mcuxpressoide_11.2.0_4120/ide/plugins/com.nxp.mcuxpresso.tools.win32_11.2.0.202001021529/tools/bin/../lib/gcc/arm-none-eabi/9.2.1/../../../../arm-none-eabi/lib/thumb/v6-m/nofp\libcr_c.a(atan.o)
 .comment       0x00000079       0x7a c:/nxp/mcuxpressoide_11.2.0_4120/ide/plugins/com.nxp.mcuxpresso.tools.win32_11.2.0.202001021529/tools/bin/../lib/gcc/arm-none-eabi/9.2.1/../../../../arm-none-eabi/lib/thumb/v6-m/nofp\libcr_c.a(fclose.o)
 .comment       0x00000079       0x7a c:/nxp/mcuxpressoide_11.2.0_4120/ide/plugins/com.nxp.mcuxpresso.tools.win32_11.2.0.202001021529/tools/bin/../lib/gcc/arm-none-eabi/9.2.1/../../../../arm-none-eabi/lib/thumb/v6-m/nofp\libcr_c.a(fflush.o)
 .comment       0x00000079       0x7a c:/nxp/mcuxpressoide_11.2.0_4120/ide/plugins/com.nxp.mcuxpresso.tools.win32_11.2.0.202001021529/tools/bin/../lib/gcc/arm-none-eabi/9.2.1/../../../../arm-none-eabi/lib/thumb/v6-m/nofp\libcr_c.a(remove.o)
 .comment       0x00000079       0x7a c:/nxp/mcuxpressoide_11.2.0_4120/ide/plugins/com.nxp.mcuxpresso.tools.win32_11.2.0.202001021529/tools/bin/../lib/gcc/arm-none-eabi/9.2.1/../../../../arm-none-eabi/lib/thumb/v6-m/nofp\libcr_c.a(_cr_check_heap.o)
 .comment       0x00000079       0x7a c:/nxp/mcuxpressoide_11.2.0_4120/ide/plugins/com.nxp.mcuxpresso.tools.win32_11.2.0.202001021529/tools/bin/../lib/gcc/arm-none-eabi/9.2.1/../../../../arm-none-eabi/lib/thumb/v6-m/nofp\libcr_c.a(_do_fflush.o)
 .comment       0x00000079       0x7a c:/nxp/mcuxpressoide_11.2.0_4120/ide/plugins/com.nxp.mcuxpresso.tools.win32_11.2.0.202001021529/tools/bin/../lib/gcc/arm-none-eabi/9.2.1/thumb/v6-m/nofp\libcr_eabihelpers.a(double.o)
 .comment       0x00000079       0x7a c:/nxp/mcuxpressoide_11.2.0_4120/ide/plugins/com.nxp.mcuxpresso.tools.win32_11.2.0.202001021529/tools/bin/../lib/gcc/arm-none-eabi/9.2.1/thumb/v6-m/nofp\libcr_eabihelpers.a(float.o)
 .comment       0x00000079       0x7a c:/nxp/mcuxpressoide_11.2.0_4120/ide/plugins/com.nxp.mcuxpresso.tools.win32_11.2.0.202001021529/tools/bin/../lib/gcc/arm-none-eabi/9.2.1/../../../../arm-none-eabi/lib/thumb/v6-m/nofp\libcr_nohost_nf.a(__sys_appexit.o)
 .comment       0x00000079       0x7a c:/nxp/mcuxpressoide_11.2.0_4120/ide/plugins/com.nxp.mcuxpresso.tools.win32_11.2.0.202001021529/tools/bin/../lib/gcc/arm-none-eabi/9.2.1/../../../../arm-none-eabi/lib/thumb/v6-m/nofp\libcr_nohost_nf.a(__sys_close.o)